
Optional file libmchp_peripheral.a not found

Optional file libmchp_peripheral_32MX795F512L.a not found
Archive member included because of file (symbol)

c:/program files (x86)/microchip/xc32/v1.42/bin/bin/../../lib/gcc/pic32mx/4.8.3/../../../../pic32mx/lib\libpic32.a(memcpy.o)
                              build/milestone1/production/_ext/1241959881/queue.o (memcpy)
c:/program files (x86)/microchip/xc32/v1.42/bin/bin/../../lib/gcc/pic32mx/4.8.3/../../../../pic32mx/lib\libpic32.a(memset.o)
                              build/milestone1/production/_ext/2060385216/sys_msg.o (memset)
c:/program files (x86)/microchip/xc32/v1.42/bin/bin/../../lib/gcc/pic32mx/4.8.3/../../../../pic32mx/lib\libpic32.a(default-bootstrap-exception-handler.o)
                              c:/program files (x86)/microchip/xc32/v1.42/bin/bin/../../lib/gcc/pic32mx/4.8.3/../../../../pic32mx/lib/./proc/32MX795F512L/crt0_mips32r2.o (_bootstrap_exception_handler)
c:/program files (x86)/microchip/xc32/v1.42/bin/bin/../../lib/gcc/pic32mx/4.8.3/../../../../pic32mx/lib\libpic32.a(default-on-reset.o)
                              c:/program files (x86)/microchip/xc32/v1.42/bin/bin/../../lib/gcc/pic32mx/4.8.3/../../../../pic32mx/lib/./proc/32MX795F512L/crt0_mips32r2.o (_on_reset)
c:/program files (x86)/microchip/xc32/v1.42/bin/bin/../../lib/gcc/pic32mx/4.8.3/../../../../pic32mx/lib\libpic32.a(default-on-bootstrap.o)
                              c:/program files (x86)/microchip/xc32/v1.42/bin/bin/../../lib/gcc/pic32mx/4.8.3/../../../../pic32mx/lib/./proc/32MX795F512L/crt0_mips32r2.o (_on_bootstrap)
c:/program files (x86)/microchip/xc32/v1.42/bin/bin/../../lib/gcc/pic32mx/4.8.3/../../../../pic32mx/lib\libpic32.a(default-nmi-handler.o)
                              c:/program files (x86)/microchip/xc32/v1.42/bin/bin/../../lib/gcc/pic32mx/4.8.3/../../../../pic32mx/lib/./proc/32MX795F512L/crt0_mips32r2.o (_nmi_handler)
c:/program files (x86)/microchip/xc32/v1.42/bin/bin/../../lib/gcc/pic32mx/4.8.3/../../../../pic32mx/lib\libpic32.a(general-exception.o)
                              c:/program files (x86)/microchip/xc32/v1.42/bin/bin/../../lib/gcc/pic32mx/4.8.3/../../../../pic32mx/lib/./proc/32MX795F512L/crt0_mips32r2.o (_general_exception_context)
c:/program files (x86)/microchip/xc32/v1.42/bin/bin/../../lib/gcc/pic32mx/4.8.3/../../../../pic32mx/lib\libpic32.a(vector0.o)
                              c:/program files (x86)/microchip/xc32/v1.42/bin/bin/../../lib/gcc/pic32mx/4.8.3/../../../../pic32mx/lib/./proc/32MX795F512L\default_isr_vectors.o (__vector_dispatch_0)
c:/program files (x86)/microchip/xc32/v1.42/bin/bin/../../lib/gcc/pic32mx/4.8.3/../../../../pic32mx/lib\libpic32.a(vector2.o)
                              c:/program files (x86)/microchip/xc32/v1.42/bin/bin/../../lib/gcc/pic32mx/4.8.3/../../../../pic32mx/lib/./proc/32MX795F512L\default_isr_vectors.o (__vector_dispatch_2)
c:/program files (x86)/microchip/xc32/v1.42/bin/bin/../../lib/gcc/pic32mx/4.8.3/../../../../pic32mx/lib\libpic32.a(vector3.o)
                              c:/program files (x86)/microchip/xc32/v1.42/bin/bin/../../lib/gcc/pic32mx/4.8.3/../../../../pic32mx/lib/./proc/32MX795F512L\default_isr_vectors.o (__vector_dispatch_3)
c:/program files (x86)/microchip/xc32/v1.42/bin/bin/../../lib/gcc/pic32mx/4.8.3/../../../../pic32mx/lib\libpic32.a(vector5.o)
                              c:/program files (x86)/microchip/xc32/v1.42/bin/bin/../../lib/gcc/pic32mx/4.8.3/../../../../pic32mx/lib/./proc/32MX795F512L\default_isr_vectors.o (__vector_dispatch_5)
c:/program files (x86)/microchip/xc32/v1.42/bin/bin/../../lib/gcc/pic32mx/4.8.3/../../../../pic32mx/lib\libpic32.a(vector6.o)
                              c:/program files (x86)/microchip/xc32/v1.42/bin/bin/../../lib/gcc/pic32mx/4.8.3/../../../../pic32mx/lib/./proc/32MX795F512L\default_isr_vectors.o (__vector_dispatch_6)
c:/program files (x86)/microchip/xc32/v1.42/bin/bin/../../lib/gcc/pic32mx/4.8.3/../../../../pic32mx/lib\libpic32.a(vector7.o)
                              c:/program files (x86)/microchip/xc32/v1.42/bin/bin/../../lib/gcc/pic32mx/4.8.3/../../../../pic32mx/lib/./proc/32MX795F512L\default_isr_vectors.o (__vector_dispatch_7)
c:/program files (x86)/microchip/xc32/v1.42/bin/bin/../../lib/gcc/pic32mx/4.8.3/../../../../pic32mx/lib\libpic32.a(vector9.o)
                              c:/program files (x86)/microchip/xc32/v1.42/bin/bin/../../lib/gcc/pic32mx/4.8.3/../../../../pic32mx/lib/./proc/32MX795F512L\default_isr_vectors.o (__vector_dispatch_9)
c:/program files (x86)/microchip/xc32/v1.42/bin/bin/../../lib/gcc/pic32mx/4.8.3/../../../../pic32mx/lib\libpic32.a(vector10.o)
                              c:/program files (x86)/microchip/xc32/v1.42/bin/bin/../../lib/gcc/pic32mx/4.8.3/../../../../pic32mx/lib/./proc/32MX795F512L\default_isr_vectors.o (__vector_dispatch_10)
c:/program files (x86)/microchip/xc32/v1.42/bin/bin/../../lib/gcc/pic32mx/4.8.3/../../../../pic32mx/lib\libpic32.a(vector11.o)
[...]
Memory Configuration

Name             Origin             Length             Attributes
kseg0_program_mem 0x9d000000         0x00080000         xr
kseg0_boot_mem   0x9fc00490         0x00000970
exception_mem    0x9fc01000         0x00001000
kseg1_boot_mem   0xbfc00000         0x00000490
debug_exec_mem   0xbfc02000         0x00000ff0
config3          0xbfc02ff0         0x00000004
config2          0xbfc02ff4         0x00000004
config1          0xbfc02ff8         0x00000004
config0          0xbfc02ffc         0x00000004
kseg1_data_mem   0xa0000000         0x00020000         w !x
sfrs             0xbf800000         0x00100000
configsfrs       0xbfc02ff0         0x00000010
*default*        0x00000000         0xffffffff

Linker script and memory map

LOAD c:/program files (x86)/microchip/xc32/v1.42/bin/bin/../../lib/gcc/pic32mx/4.8.3/../../../../pic32mx/lib/./proc/32MX795F512L/crt0_mips32r2.o
LOAD c:/program files (x86)/microchip/xc32/v1.42/bin/bin/../../lib/gcc/pic32mx/4.8.3/../../../../pic32mx/lib\debug-exception-return.o
LOAD build/milestone1/production/_ext/1360937237/app.o
LOAD build/milestone1/production/_ext/1360937237/main.o
LOAD build/milestone1/production/_ext/1360937237/debug.o
LOAD build/milestone1/production/_ext/1423261102/osal_freertos.o
LOAD build/milestone1/production/_ext/2019779704/sys_devcon.o
LOAD build/milestone1/production/_ext/2019779704/sys_devcon_pic32mx.o
LOAD build/milestone1/production/_ext/1620769490/sys_int_pic32.o
LOAD build/milestone1/production/_ext/2060385216/sys_msg.o
LOAD build/milestone1/production/_ext/1241959881/croutine.o
LOAD build/milestone1/production/_ext/1241959881/list.o
LOAD build/milestone1/production/_ext/1241959881/queue.o
LOAD build/milestone1/production/_ext/1241959881/tasks.o
LOAD build/milestone1/production/_ext/1241959881/timers.o
LOAD build/milestone1/production/_ext/1241959881/event_groups.o
LOAD build/milestone1/production/_ext/1366647692/heap_1.o
LOAD build/milestone1/production/_ext/1475386849/port.o
LOAD build/milestone1/production/_ext/1475386849/port_asm.o
LOAD build/milestone1/production/_ext/1864120335/drv_tmr_static.o
LOAD build/milestone1/production/_ext/1864120335/drv_tmr_mapping.o
LOAD build/milestone1/production/_ext/383799649/sys_clk_static.o
LOAD build/milestone1/production/_ext/956857457/sys_ports_static.o
LOAD build/milestone1/production/_ext/1555642536/system_init.o
LOAD build/milestone1/production/_ext/1555642536/system_interrupt.o
LOAD build/milestone1/production/_ext/1555642536/system_exceptions.o
LOAD build/milestone1/production/_ext/1555642536/system_tasks.o
LOAD build/milestone1/production/_ext/1555642536/system_interrupt_a.o
LOAD build/milestone1/production/_ext/1555642536/rtos_hooks.o
LOAD ..\..\..\..\..\..\..\microchip\harmony\v1_09\bin\framework\peripheral\PIC32MX795F512L_peripherals.a
                0x00000001                __MPLAB_BUILD = 0x1
                0x00000000                _min_heap_size = 0x0
LOAD c:/program files (x86)/microchip/xc32/v1.42/bin/bin/../../lib/gcc/pic32mx/4.8.3/../../../../pic32mx/lib/./proc/32MX795F512L\default_isr_vectors.o
LOAD c:/program files (x86)/microchip/xc32/v1.42/bin/bin/../../lib/gcc/pic32mx/4.8.3/../../../../pic32mx/lib\pic32_software_reset.o
                0x00000400                PROVIDE (_min_stack_size, 0x400)
LOAD c:/program files (x86)/microchip/xc32/v1.42/bin/bin/../../lib/gcc/pic32mx/4.8.3/../../../../pic32mx/lib/./proc/32MX795F512L\processor.o
START GROUP
LOAD libmchp_peripheral.a
END GROUP
START GROUP
LOAD libmchp_peripheral_32MX795F512L.a
END GROUP
                0x00000001                PROVIDE (_vector_spacing, 0x1)
                0x9fc01000                PROVIDE (_ebase_address, 0x9fc01000)
                0xbfc00000                _RESET_ADDR = 0xbfc00000
                0xbfc00380                _BEV_EXCPT_ADDR = 0xbfc00380
                0xbfc00480                _DBG_EXCPT_ADDR = 0xbfc00480
                0xbfc02000                _DBG_CODE_ADDR = 0xbfc02000
                0x00000ff0                _DBG_CODE_SIZE = 0xff0
                0x9fc01180                _GEN_EXCPT_ADDR = (_ebase_address + 0x180)

.config_BFC02FF0
                0xbfc02ff0        0x4
 *(.config_BFC02FF0)
 .config_BFC02FF0
                0xbfc02ff0        0x4 build/milestone1/production/_ext/1555642536/system_init.o

.config_BFC02FF4
                0xbfc02ff4        0x4
 *(.config_BFC02FF4)
 .config_BFC02FF4
                0xbfc02ff4        0x4 build/milestone1/production/_ext/1555642536/system_init.o

.config_BFC02FF8
                0xbfc02ff8        0x4
 *(.config_BFC02FF8)
 .config_BFC02FF8
                0xbfc02ff8        0x4 build/milestone1/production/_ext/1555642536/system_init.o

.config_BFC02FFC
                0xbfc02ffc        0x4
 *(.config_BFC02FFC)
 .config_BFC02FFC
                0xbfc02ffc        0x4 build/milestone1/production/_ext/1555642536/system_init.o
                0xbfc02000                PROVIDE (_DBG_CODE_ADDR, 0xbfc02000)
                0x00000ff0                PROVIDE (_DBG_CODE_SIZE, 0xff0)

.reset          0xbfc00000      0x208
 *(.reset)
 .reset         0xbfc00000        0x8 c:/program files (x86)/microchip/xc32/v1.42/bin/bin/../../lib/gcc/pic32mx/4.8.3/../../../../pic32mx/lib/./proc/32MX795F512L/crt0_mips32r2.o
                0xbfc00000                _reset
 *(.reset.startup)
 .reset.startup
                0xbfc00008      0x200 c:/program files (x86)/microchip/xc32/v1.42/bin/bin/../../lib/gcc/pic32mx/4.8.3/../../../../pic32mx/lib/./proc/32MX795F512L/crt0_mips32r2.o

.bev_excpt      0xbfc00380       0x10
 *(.bev_handler)
 .bev_handler   0xbfc00380       0x10 c:/program files (x86)/microchip/xc32/v1.42/bin/bin/../../lib/gcc/pic32mx/4.8.3/../../../../pic32mx/lib/./proc/32MX795F512L/crt0_mips32r2.o

.dbg_excpt      0xbfc00480        0x0
                0xbfc00480                . = (. + DEFINED (_DEBUGGER)?0x8:0x0)

.dbg_code       0xbfc02000        0x0
                0xbfc02000                . = (. + DEFINED (_DEBUGGER)?_DBG_CODE_SIZE:0x0)

.app_excpt      0x9fc01180       0x10
 *(.gen_handler)
 .gen_handler   0x9fc01180       0x10 c:/program files (x86)/microchip/xc32/v1.42/bin/bin/../../lib/gcc/pic32mx/4.8.3/../../../../pic32mx/lib/./proc/32MX795F512L/crt0_mips32r2.o

.vector_0       0x9fc01200        0x8
 *(.vector_0)
 .vector_0      0x9fc01200        0x8 c:/program files (x86)/microchip/xc32/v1.42/bin/bin/../../lib/gcc/pic32mx/4.8.3/../../../../pic32mx/lib\libpic32.a(vector0.o)
                0x9fc01200                __vector_dispatch_0
                0x00000001                ASSERT (((_vector_spacing == 0x0) || (SIZEOF (.vector_0) <= (_vector_spacing << 0x5))), function at exception vector 0 too large)

.vector_1       0x9fc01220        0x8
 *(.vector_1)
 .vector_1      0x9fc01220        0x8 build/milestone1/production/_ext/1475386849/port.o
                0x9fc01220                __vector_dispatch_1
                0x00000001                ASSERT (((_vector_spacing == 0x0) || (SIZEOF (.vector_1) <= (_vector_spacing << 0x5))), function at exception vector 1 too large)

.vector_2       0x9fc01240        0x8
 *(.vector_2)
 .vector_2      0x9fc01240        0x8 c:/program files (x86)/microchip/xc32/v1.42/bin/bin/../../lib/gcc/pic32mx/4.8.3/../../../../pic32mx/lib\libpic32.a(vector2.o)
                0x9fc01240                __vector_dispatch_2
                0x00000001                ASSERT (((_vector_spacing == 0x0) || (SIZEOF (.vector_2) <= (_vector_spacing << 0x5))), function at exception vector 2 too large)

.vector_3       0x9fc01260        0x8
 *(.vector_3)
 .vector_3      0x9fc01260        0x8 c:/program files (x86)/microchip/xc32/v1.42/bin/bin/../../lib/gcc/pic32mx/4.8.3/../../../../pic32mx/lib\libpic32.a(vector3.o)
                0x9fc01260                __vector_dispatch_3
                0x00000001                ASSERT (((_vector_spacing == 0x0) || (SIZEOF (.vector_3) <= (_vector_spacing << 0x5))), function at exception vector 3 too large)

.vector_4       0x9fc01280        0x8
 *(.vector_4)
 .vector_4      0x9fc01280        0x8 build/milestone1/production/_ext/1475386849/port.o
                0x9fc01280                __vector_dispatch_4
                0x00000001                ASSERT (((_vector_spacing == 0x0) || (SIZEOF (.vector_4) <= (_vector_spacing << 0x5))), function at exception vector 4 too large)

.vector_5       0x9fc012a0        0x8
 *(.vector_5)
 .vector_5      0x9fc012a0        0x8 c:/program files (x86)/microchip/xc32/v1.42/bin/bin/../../lib/gcc/pic32mx/4.8.3/../../../../pic32mx/lib\libpic32.a(vector5.o)
                0x9fc012a0                __vector_dispatch_5
                0x00000001                ASSERT (((_vector_spacing == 0x0) || (SIZEOF (.vector_5) <= (_vector_spacing << 0x5))), function at exception vector 5 too large)

.vector_6       0x9fc012c0        0x8
 *(.vector_6)
 .vector_6      0x9fc012c0        0x8 c:/program files (x86)/microchip/xc32/v1.42/bin/bin/../../lib/gcc/pic32mx/4.8.3/../../../../pic32mx/lib\libpic32.a(vector6.o)
                0x9fc012c0                __vector_dispatch_6
                0x00000001                ASSERT (((_vector_spacing == 0x0) || (SIZEOF (.vector_6) <= (_vector_spacing << 0x5))), function at exception vector 6 too large)

.vector_7       0x9fc012e0        0x8
 *(.vector_7)
 .vector_7      0x9fc012e0        0x8 c:/program files (x86)/microchip/xc32/v1.42/bin/bin/../../lib/gcc/pic32mx/4.8.3/../../../../pic32mx/lib\libpic32.a(vector7.o)
                0x9fc012e0                __vector_dispatch_7
                0x00000001                ASSERT (((_vector_spacing == 0x0) || (SIZEOF (.vector_7) <= (_vector_spacing << 0x5))), function at exception vector 7 too large)

.vector_8       0x9fc01300       0x10
 *(.vector_8)
 .vector_8      0x9fc01300       0x10 build/milestone1/production/_ext/1555642536/system_interrupt_a.o
                0x9fc01300                __vector_dispatch_8
                0x00000001                ASSERT (((_vector_spacing == 0x0) || (SIZEOF (.vector_8) <= (_vector_spacing << 0x5))), function at exception vector 8 too large)

.vector_9       0x9fc01320        0x8
 *(.vector_9)
 .vector_9      0x9fc01320        0x8 c:/program files (x86)/microchip/xc32/v1.42/bin/bin/../../lib/gcc/pic32mx/4.8.3/../../../../pic32mx/lib\libpic32.a(vector9.o)
                0x9fc01320                __vector_dispatch_9
                0x00000001                ASSERT (((_vector_spacing == 0x0) || (SIZEOF (.vector_9) <= (_vector_spacing << 0x5))), function at exception vector 9 too large)

.vector_10      0x9fc01340        0x8
 *(.vector_10)
 .vector_10     0x9fc01340        0x8 c:/program files (x86)/microchip/xc32/v1.42/bin/bin/../../lib/gcc/pic32mx/4.8.3/../../../../pic32mx/lib\libpic32.a(vector10.o)
                0x9fc01340                __vector_dispatch_10
                0x00000001                ASSERT (((_vector_spacing == 0x0) || (SIZEOF (.vector_10) <= (_vector_spacing << 0x5))), function at exception vector 10 too large)

.vector_11      0x9fc01360        0x8
 *(.vector_11)
 .vector_11     0x9fc01360        0x8 c:/program files (x86)/microchip/xc32/v1.42/bin/bin/../../lib/gcc/pic32mx/4.8.3/../../../../pic32mx/lib\libpic32.a(vector11.o)
                0x9fc01360                __vector_dispatch_11
                0x00000001                ASSERT (((_vector_spacing == 0x0) || (SIZEOF (.vector_11) <= (_vector_spacing << 0x5))), function at exception vector 11 too large)

.vector_12      0x9fc01380        0x8
 *(.vector_12)
 .vector_12     0x9fc01380        0x8 c:/program files (x86)/microchip/xc32/v1.42/bin/bin/../../lib/gcc/pic32mx/4.8.3/../../../../pic32mx/lib\libpic32.a(vector12.o)
                0x9fc01380                __vector_dispatch_12
                0x00000001                ASSERT (((_vector_spacing == 0x0) || (SIZEOF (.vector_12) <= (_vector_spacing << 0x5))), function at exception vector 12 too large)

.vector_13      0x9fc013a0        0x8
 *(.vector_13)
 .vector_13     0x9fc013a0        0x8 c:/program files (x86)/microchip/xc32/v1.42/bin/bin/../../lib/gcc/pic32mx/4.8.3/../../../../pic32mx/lib\libpic32.a(vector13.o)
                0x9fc013a0                __vector_dispatch_13
                0x00000001                ASSERT (((_vector_spacing == 0x0) || (SIZEOF (.vector_13) <= (_vector_spacing << 0x5))), function at exception vector 13 too large)

.vector_14      0x9fc013c0        0x8
 *(.vector_14)
 .vector_14     0x9fc013c0        0x8 c:/program files (x86)/microchip/xc32/v1.42/bin/bin/../../lib/gcc/pic32mx/4.8.3/../../../../pic32mx/lib\libpic32.a(vector14.o)
                0x9fc013c0                __vector_dispatch_14
                0x00000001                ASSERT (((_vector_spacing == 0x0) || (SIZEOF (.vector_14) <= (_vector_spacing << 0x5))), function at exception vector 14 too large)

.vector_15      0x9fc013e0        0x8
 *(.vector_15)
 .vector_15     0x9fc013e0        0x8 c:/program files (x86)/microchip/xc32/v1.42/bin/bin/../../lib/gcc/pic32mx/4.8.3/../../../../pic32mx/lib\libpic32.a(vector15.o)
                0x9fc013e0                __vector_dispatch_15
                0x00000001                ASSERT (((_vector_spacing == 0x0) || (SIZEOF (.vector_15) <= (_vector_spacing << 0x5))), function at exception vector 15 too large)

.vector_16      0x9fc01400        0x8
 *(.vector_16)
 .vector_16     0x9fc01400        0x8 c:/program files (x86)/microchip/xc32/v1.42/bin/bin/../../lib/gcc/pic32mx/4.8.3/../../../../pic32mx/lib\libpic32.a(vector16.o)
                0x9fc01400                __vector_dispatch_16
                0x00000001                ASSERT (((_vector_spacing == 0x0) || (SIZEOF (.vector_16) <= (_vector_spacing << 0x5))), function at exception vector 16 too large)

.vector_17      0x9fc01420        0x8
 *(.vector_17)
 .vector_17     0x9fc01420        0x8 c:/program files (x86)/microchip/xc32/v1.42/bin/bin/../../lib/gcc/pic32mx/4.8.3/../../../../pic32mx/lib\libpic32.a(vector17.o)
                0x9fc01420                __vector_dispatch_17
                0x00000001                ASSERT (((_vector_spacing == 0x0) || (SIZEOF (.vector_17) <= (_vector_spacing << 0x5))), function at exception vector 17 too large)

.vector_18      0x9fc01440        0x8
 *(.vector_18)
 .vector_18     0x9fc01440        0x8 c:/program files (x86)/microchip/xc32/v1.42/bin/bin/../../lib/gcc/pic32mx/4.8.3/../../../../pic32mx/lib\libpic32.a(vector18.o)
                0x9fc01440                __vector_dispatch_18
                0x00000001                ASSERT (((_vector_spacing == 0x0) || (SIZEOF (.vector_18) <= (_vector_spacing << 0x5))), function at exception vector 18 too large)

.vector_19      0x9fc01460        0x8
 *(.vector_19)
 .vector_19     0x9fc01460        0x8 c:/program files (x86)/microchip/xc32/v1.42/bin/bin/../../lib/gcc/pic32mx/4.8.3/../../../../pic32mx/lib\libpic32.a(vector19.o)
                0x9fc01460                __vector_dispatch_19
                0x00000001                ASSERT (((_vector_spacing == 0x0) || (SIZEOF (.vector_19) <= (_vector_spacing << 0x5))), function at exception vector 19 too large)

.vector_20      0x9fc01480        0x8
 *(.vector_20)
 .vector_20     0x9fc01480        0x8 c:/program files (x86)/microchip/xc32/v1.42/bin/bin/../../lib/gcc/pic32mx/4.8.3/../../../../pic32mx/lib\libpic32.a(vector20.o)
                0x9fc01480                __vector_dispatch_20
                0x00000001                ASSERT (((_vector_spacing == 0x0) || (SIZEOF (.vector_20) <= (_vector_spacing << 0x5))), function at exception vector 20 too large)

.vector_21      0x9fc014a0        0x8
 *(.vector_21)
 .vector_21     0x9fc014a0        0x8 c:/program files (x86)/microchip/xc32/v1.42/bin/bin/../../lib/gcc/pic32mx/4.8.3/../../../../pic32mx/lib\libpic32.a(vector21.o)
                0x9fc014a0                __vector_dispatch_21
                0x00000001                ASSERT (((_vector_spacing == 0x0) || (SIZEOF (.vector_21) <= (_vector_spacing << 0x5))), function at exception vector 21 too large)

.vector_22      0x9fc014c0        0x8
 *(.vector_22)
 .vector_22     0x9fc014c0        0x8 c:/program files (x86)/microchip/xc32/v1.42/bin/bin/../../lib/gcc/pic32mx/4.8.3/../../../../pic32mx/lib\libpic32.a(vector22.o)
                0x9fc014c0                __vector_dispatch_22
                0x00000001                ASSERT (((_vector_spacing == 0x0) || (SIZEOF (.vector_22) <= (_vector_spacing << 0x5))), function at exception vector 22 too large)

.vector_23      0x9fc014e0        0x8
 *(.vector_23)
 .vector_23     0x9fc014e0        0x8 c:/program files (x86)/microchip/xc32/v1.42/bin/bin/../../lib/gcc/pic32mx/4.8.3/../../../../pic32mx/lib\libpic32.a(vector23.o)
                0x9fc014e0                __vector_dispatch_23
                0x00000001                ASSERT (((_vector_spacing == 0x0) || (SIZEOF (.vector_23) <= (_vector_spacing << 0x5))), function at exception vector 23 too large)

.vector_24      0x9fc01500        0x8
 *(.vector_24)
 .vector_24     0x9fc01500        0x8 c:/program files (x86)/microchip/xc32/v1.42/bin/bin/../../lib/gcc/pic32mx/4.8.3/../../../../pic32mx/lib\libpic32.a(vector24.o)
                0x9fc01500                __vector_dispatch_24
                0x00000001                ASSERT (((_vector_spacing == 0x0) || (SIZEOF (.vector_24) <= (_vector_spacing << 0x5))), function at exception vector 24 too large)

.vector_25      0x9fc01520        0x8
 *(.vector_25)
 .vector_25     0x9fc01520        0x8 c:/program files (x86)/microchip/xc32/v1.42/bin/bin/../../lib/gcc/pic32mx/4.8.3/../../../../pic32mx/lib\libpic32.a(vector25.o)
                0x9fc01520                __vector_dispatch_25
                0x00000001                ASSERT (((_vector_spacing == 0x0) || (SIZEOF (.vector_25) <= (_vector_spacing << 0x5))), function at exception vector 25 too large)

.vector_26      0x9fc01540        0x8
 *(.vector_26)
 .vector_26     0x9fc01540        0x8 c:/program files (x86)/microchip/xc32/v1.42/bin/bin/../../lib/gcc/pic32mx/4.8.3/../../../../pic32mx/lib\libpic32.a(vector26.o)
                0x9fc01540                __vector_dispatch_26
                0x00000001                ASSERT (((_vector_spacing == 0x0) || (SIZEOF (.vector_26) <= (_vector_spacing << 0x5))), function at exception vector 26 too large)

.vector_27      0x9fc01560        0x8
 *(.vector_27)
 .vector_27     0x9fc01560        0x8 c:/program files (x86)/microchip/xc32/v1.42/bin/bin/../../lib/gcc/pic32mx/4.8.3/../../../../pic32mx/lib\libpic32.a(vector27.o)
                0x9fc01560                __vector_dispatch_27
                0x00000001                ASSERT (((_vector_spacing == 0x0) || (SIZEOF (.vector_27) <= (_vector_spacing << 0x5))), function at exception vector 27 too large)

.vector_28      0x9fc01580        0x8
 *(.vector_28)
 .vector_28     0x9fc01580        0x8 c:/program files (x86)/microchip/xc32/v1.42/bin/bin/../../lib/gcc/pic32mx/4.8.3/../../../../pic32mx/lib\libpic32.a(vector28.o)
                0x9fc01580                __vector_dispatch_28
                0x00000001                ASSERT (((_vector_spacing == 0x0) || (SIZEOF (.vector_28) <= (_vector_spacing << 0x5))), function at exception vector 28 too large)

.vector_29      0x9fc015a0        0x8
 *(.vector_29)
 .vector_29     0x9fc015a0        0x8 c:/program files (x86)/microchip/xc32/v1.42/bin/bin/../../lib/gcc/pic32mx/4.8.3/../../../../pic32mx/lib\libpic32.a(vector29.o)
                0x9fc015a0                __vector_dispatch_29
                0x00000001                ASSERT (((_vector_spacing == 0x0) || (SIZEOF (.vector_29) <= (_vector_spacing << 0x5))), function at exception vector 29 too large)

.vector_30      0x9fc015c0        0x8
 *(.vector_30)
 .vector_30     0x9fc015c0        0x8 c:/program files (x86)/microchip/xc32/v1.42/bin/bin/../../lib/gcc/pic32mx/4.8.3/../../../../pic32mx/lib\libpic32.a(vector30.o)
                0x9fc015c0                __vector_dispatch_30
                0x00000001                ASSERT (((_vector_spacing == 0x0) || (SIZEOF (.vector_30) <= (_vector_spacing << 0x5))), function at exception vector 30 too large)

.vector_31      0x9fc015e0        0x8
 *(.vector_31)
 .vector_31     0x9fc015e0        0x8 c:/program files (x86)/microchip/xc32/v1.42/bin/bin/../../lib/gcc/pic32mx/4.8.3/../../../../pic32mx/lib\libpic32.a(vector31.o)
                0x9fc015e0                __vector_dispatch_31
                0x00000001                ASSERT (((_vector_spacing == 0x0) || (SIZEOF (.vector_31) <= (_vector_spacing << 0x5))), function at exception vector 31 too large)

.vector_32      0x9fc01600        0x8
 *(.vector_32)
 .vector_32     0x9fc01600        0x8 c:/program files (x86)/microchip/xc32/v1.42/bin/bin/../../lib/gcc/pic32mx/4.8.3/../../../../pic32mx/lib\libpic32.a(vector32.o)
                0x9fc01600                __vector_dispatch_32
                0x00000001                ASSERT (((_vector_spacing == 0x0) || (SIZEOF (.vector_32) <= (_vector_spacing << 0x5))), function at exception vector 32 too large)

.vector_33      0x9fc01620        0x8
 *(.vector_33)
 .vector_33     0x9fc01620        0x8 c:/program files (x86)/microchip/xc32/v1.42/bin/bin/../../lib/gcc/pic32mx/4.8.3/../../../../pic32mx/lib\libpic32.a(vector33.o)
                0x9fc01620                __vector_dispatch_33
                0x00000001                ASSERT (((_vector_spacing == 0x0) || (SIZEOF (.vector_33) <= (_vector_spacing << 0x5))), function at exception vector 33 too large)

.vector_34      0x9fc01640        0x8
 *(.vector_34)
 .vector_34     0x9fc01640        0x8 c:/program files (x86)/microchip/xc32/v1.42/bin/bin/../../lib/gcc/pic32mx/4.8.3/../../../../pic32mx/lib\libpic32.a(vector34.o)
                0x9fc01640                __vector_dispatch_34
                0x00000001                ASSERT (((_vector_spacing == 0x0) || (SIZEOF (.vector_34) <= (_vector_spacing << 0x5))), function at exception vector 34 too large)

.vector_35      0x9fc01660        0x8
 *(.vector_35)
 .vector_35     0x9fc01660        0x8 c:/program files (x86)/microchip/xc32/v1.42/bin/bin/../../lib/gcc/pic32mx/4.8.3/../../../../pic32mx/lib\libpic32.a(vector35.o)
                0x9fc01660                __vector_dispatch_35
                0x00000001                ASSERT (((_vector_spacing == 0x0) || (SIZEOF (.vector_35) <= (_vector_spacing << 0x5))), function at exception vector 35 too large)

.vector_36      0x9fc01680        0x8
 *(.vector_36)
 .vector_36     0x9fc01680        0x8 c:/program files (x86)/microchip/xc32/v1.42/bin/bin/../../lib/gcc/pic32mx/4.8.3/../../../../pic32mx/lib\libpic32.a(vector36.o)
                0x9fc01680                __vector_dispatch_36
                0x00000001                ASSERT (((_vector_spacing == 0x0) || (SIZEOF (.vector_36) <= (_vector_spacing << 0x5))), function at exception vector 36 too large)

.vector_37      0x9fc016a0        0x8
 *(.vector_37)
 .vector_37     0x9fc016a0        0x8 c:/program files (x86)/microchip/xc32/v1.42/bin/bin/../../lib/gcc/pic32mx/4.8.3/../../../../pic32mx/lib\libpic32.a(vector37.o)
                0x9fc016a0                __vector_dispatch_37
                0x00000001                ASSERT (((_vector_spacing == 0x0) || (SIZEOF (.vector_37) <= (_vector_spacing << 0x5))), function at exception vector 37 too large)

.vector_38      0x9fc016c0        0x8
 *(.vector_38)
 .vector_38     0x9fc016c0        0x8 c:/program files (x86)/microchip/xc32/v1.42/bin/bin/../../lib/gcc/pic32mx/4.8.3/../../../../pic32mx/lib\libpic32.a(vector38.o)
                0x9fc016c0                __vector_dispatch_38
                0x00000001                ASSERT (((_vector_spacing == 0x0) || (SIZEOF (.vector_38) <= (_vector_spacing << 0x5))), function at exception vector 38 too large)

.vector_39      0x9fc016e0        0x8
 *(.vector_39)
 .vector_39     0x9fc016e0        0x8 c:/program files (x86)/microchip/xc32/v1.42/bin/bin/../../lib/gcc/pic32mx/4.8.3/../../../../pic32mx/lib\libpic32.a(vector39.o)
                0x9fc016e0                __vector_dispatch_39
                0x00000001                ASSERT (((_vector_spacing == 0x0) || (SIZEOF (.vector_39) <= (_vector_spacing << 0x5))), function at exception vector 39 too large)

.vector_40      0x9fc01700        0x8
 *(.vector_40)
 .vector_40     0x9fc01700        0x8 c:/program files (x86)/microchip/xc32/v1.42/bin/bin/../../lib/gcc/pic32mx/4.8.3/../../../../pic32mx/lib\libpic32.a(vector40.o)
                0x9fc01700                __vector_dispatch_40
                0x00000001                ASSERT (((_vector_spacing == 0x0) || (SIZEOF (.vector_40) <= (_vector_spacing << 0x5))), function at exception vector 40 too large)

.vector_41      0x9fc01720        0x8
 *(.vector_41)
 .vector_41     0x9fc01720        0x8 c:/program files (x86)/microchip/xc32/v1.42/bin/bin/../../lib/gcc/pic32mx/4.8.3/../../../../pic32mx/lib\libpic32.a(vector41.o)
                0x9fc01720                __vector_dispatch_41
                0x00000001                ASSERT (((_vector_spacing == 0x0) || (SIZEOF (.vector_41) <= (_vector_spacing << 0x5))), function at exception vector 41 too large)

.vector_42      0x9fc01740        0x8
 *(.vector_42)
 .vector_42     0x9fc01740        0x8 c:/program files (x86)/microchip/xc32/v1.42/bin/bin/../../lib/gcc/pic32mx/4.8.3/../../../../pic32mx/lib\libpic32.a(vector42.o)
                0x9fc01740                __vector_dispatch_42
                0x00000001                ASSERT (((_vector_spacing == 0x0) || (SIZEOF (.vector_42) <= (_vector_spacing << 0x5))), function at exception vector 42 too large)

.vector_43      0x9fc01760        0x8
 *(.vector_43)
 .vector_43     0x9fc01760        0x8 c:/program files (x86)/microchip/xc32/v1.42/bin/bin/../../lib/gcc/pic32mx/4.8.3/../../../../pic32mx/lib\libpic32.a(vector43.o)
                0x9fc01760                __vector_dispatch_43
                0x00000001                ASSERT (((_vector_spacing == 0x0) || (SIZEOF (.vector_43) <= (_vector_spacing << 0x5))), function at exception vector 43 too large)

.vector_44      0x9fc01780        0x8
 *(.vector_44)
 .vector_44     0x9fc01780        0x8 c:/program files (x86)/microchip/xc32/v1.42/bin/bin/../../lib/gcc/pic32mx/4.8.3/../../../../pic32mx/lib\libpic32.a(vector44.o)
                0x9fc01780                __vector_dispatch_44
                0x00000001                ASSERT (((_vector_spacing == 0x0) || (SIZEOF (.vector_44) <= (_vector_spacing << 0x5))), function at exception vector 44 too large)

.vector_45      0x9fc017a0        0x8
 *(.vector_45)
 .vector_45     0x9fc017a0        0x8 c:/program files (x86)/microchip/xc32/v1.42/bin/bin/../../lib/gcc/pic32mx/4.8.3/../../../../pic32mx/lib\libpic32.a(vector45.o)
                0x9fc017a0                __vector_dispatch_45
                0x00000001                ASSERT (((_vector_spacing == 0x0) || (SIZEOF (.vector_45) <= (_vector_spacing << 0x5))), function at exception vector 45 too large)

.vector_46      0x9fc017c0        0x8
 *(.vector_46)
 .vector_46     0x9fc017c0        0x8 c:/program files (x86)/microchip/xc32/v1.42/bin/bin/../../lib/gcc/pic32mx/4.8.3/../../../../pic32mx/lib\libpic32.a(vector46.o)
                0x9fc017c0                __vector_dispatch_46
                0x00000001                ASSERT (((_vector_spacing == 0x0) || (SIZEOF (.vector_46) <= (_vector_spacing << 0x5))), function at exception vector 46 too large)

.vector_47      0x9fc017e0        0x8
 *(.vector_47)
 .vector_47     0x9fc017e0        0x8 c:/program files (x86)/microchip/xc32/v1.42/bin/bin/../../lib/gcc/pic32mx/4.8.3/../../../../pic32mx/lib\libpic32.a(vector47.o)
                0x9fc017e0                __vector_dispatch_47
                0x00000001                ASSERT (((_vector_spacing == 0x0) || (SIZEOF (.vector_47) <= (_vector_spacing << 0x5))), function at exception vector 47 too large)

.vector_48      0x9fc01800        0x8
 *(.vector_48)
 .vector_48     0x9fc01800        0x8 c:/program files (x86)/microchip/xc32/v1.42/bin/bin/../../lib/gcc/pic32mx/4.8.3/../../../../pic32mx/lib\libpic32.a(vector48.o)
                0x9fc01800                __vector_dispatch_48
                0x00000001                ASSERT (((_vector_spacing == 0x0) || (SIZEOF (.vector_48) <= (_vector_spacing << 0x5))), function at exception vector 48 too large)

.vector_49      0x9fc01820        0x8
 *(.vector_49)
 .vector_49     0x9fc01820        0x8 c:/program files (x86)/microchip/xc32/v1.42/bin/bin/../../lib/gcc/pic32mx/4.8.3/../../../../pic32mx/lib\libpic32.a(vector49.o)
                0x9fc01820                __vector_dispatch_49
                0x00000001                ASSERT (((_vector_spacing == 0x0) || (SIZEOF (.vector_49) <= (_vector_spacing << 0x5))), function at exception vector 49 too large)

.vector_50      0x9fc01840        0x8
 *(.vector_50)
 .vector_50     0x9fc01840        0x8 c:/program files (x86)/microchip/xc32/v1.42/bin/bin/../../lib/gcc/pic32mx/4.8.3/../../../../pic32mx/lib\libpic32.a(vector50.o)
                0x9fc01840                __vector_dispatch_50
                0x00000001                ASSERT (((_vector_spacing == 0x0) || (SIZEOF (.vector_50) <= (_vector_spacing << 0x5))), function at exception vector 50 too large)

.vector_51      0x9fc01860        0x8
 *(.vector_51)
 .vector_51     0x9fc01860        0x8 c:/program files (x86)/microchip/xc32/v1.42/bin/bin/../../lib/gcc/pic32mx/4.8.3/../../../../pic32mx/lib\libpic32.a(vector51.o)
                0x9fc01860                __vector_dispatch_51
                0x00000001                ASSERT (((_vector_spacing == 0x0) || (SIZEOF (.vector_51) <= (_vector_spacing << 0x5))), function at exception vector 51 too large)

.vector_52      0x9fc01880        0x0
 *(.vector_52)
                0x00000001                ASSERT (((_vector_spacing == 0x0) || (SIZEOF (.vector_52) <= (_vector_spacing << 0x5))), function at exception vector 52 too large)

.vector_53      0x9fc018a0        0x0
 *(.vector_53)
                0x00000001                ASSERT (((_vector_spacing == 0x0) || (SIZEOF (.vector_53) <= (_vector_spacing << 0x5))), function at exception vector 53 too large)

.vector_54      0x9fc018c0        0x0
 *(.vector_54)
                0x00000001                ASSERT (((_vector_spacing == 0x0) || (SIZEOF (.vector_54) <= (_vector_spacing << 0x5))), function at exception vector 54 too large)

.vector_55      0x9fc018e0        0x0
 *(.vector_55)
                0x00000001                ASSERT (((_vector_spacing == 0x0) || (SIZEOF (.vector_55) <= (_vector_spacing << 0x5))), function at exception vector 55 too large)

.vector_56      0x9fc01900        0x0
 *(.vector_56)
                0x00000001                ASSERT (((_vector_spacing == 0x0) || (SIZEOF (.vector_56) <= (_vector_spacing << 0x5))), function at exception vector 56 too large)

.vector_57      0x9fc01920        0x0
 *(.vector_57)
                0x00000001                ASSERT (((_vector_spacing == 0x0) || (SIZEOF (.vector_57) <= (_vector_spacing << 0x5))), function at exception vector 57 too large)

.vector_58      0x9fc01940        0x0
 *(.vector_58)
                0x00000001                ASSERT (((_vector_spacing == 0x0) || (SIZEOF (.vector_58) <= (_vector_spacing << 0x5))), function at exception vector 58 too large)

.vector_59      0x9fc01960        0x0
 *(.vector_59)
                0x00000001                ASSERT (((_vector_spacing == 0x0) || (SIZEOF (.vector_59) <= (_vector_spacing << 0x5))), function at exception vector 59 too large)

.vector_60      0x9fc01980        0x0
 *(.vector_60)
                0x00000001                ASSERT (((_vector_spacing == 0x0) || (SIZEOF (.vector_60) <= (_vector_spacing << 0x5))), function at exception vector 60 too large)

.vector_61      0x9fc019a0        0x0
 *(.vector_61)
                0x00000001                ASSERT (((_vector_spacing == 0x0) || (SIZEOF (.vector_61) <= (_vector_spacing << 0x5))), function at exception vector 61 too large)

.vector_62      0x9fc019c0        0x0
 *(.vector_62)
                0x00000001                ASSERT (((_vector_spacing == 0x0) || (SIZEOF (.vector_62) <= (_vector_spacing << 0x5))), function at exception vector 62 too large)

.vector_63      0x9fc019e0        0x0
 *(.vector_63)
                0x00000001                ASSERT (((_vector_spacing == 0x0) || (SIZEOF (.vector_63) <= (_vector_spacing << 0x5))), function at exception vector 63 too large)

.startup
 *(.startup)

.text           0x9d000000        0x0
 *(.stub .gnu.linkonce.t.*)
 *(.text.*personality*)
 *(.mips16.fn.*)
 *(.mips16.call.*)
 *(.gnu.warning)
                0x9d000000                . = ALIGN (0x4)

.init           0x9d000000        0x0
 *crti.o(.init)
 *crtbegin.o(.init)
 *(EXCLUDE_FILE(*crtn.o *crtend?.o *crtend.o) .init)
 *crtend.o(.init)
 *crtn.o(.init)
                0x9d000000                . = ALIGN (0x4)

.fini           0x9d000000        0x0
 *(.fini)
                0x9d000000                . = ALIGN (0x4)

.preinit_array  0x9d000000        0x0
                0x9d000000                PROVIDE (__preinit_array_start, .)
 *(.preinit_array)
                0x9d000000                PROVIDE (__preinit_array_end, .)
                0x9d000000                . = ALIGN (0x4)

.init_array     0x9d000000        0x0
                0x9d000000                PROVIDE (__init_array_start, .)
 *(SORT(.init_array.*))
 *(.init_array)
                0x9d000000                PROVIDE (__init_array_end, .)
                0x9d000000                . = ALIGN (0x4)

.fini_array     0x9d000000        0x0
                0x9d000000                PROVIDE (__fini_array_start, .)
 *(SORT(.fini_array.*))
 *(.fini_array)
                0x9d000000                PROVIDE (__fini_array_end, .)
                0x9d000000                . = ALIGN (0x4)

.ctors          0x9d000000        0x0
 *crtbegin.o(.ctors)
 *crtbegin?.o(.ctors)
 *(EXCLUDE_FILE(*crtend?.o *crtend.o) .ctors)
 *(SORT(.ctors.*))
 *(.ctors)
                0x9d000000                . = ALIGN (0x4)

.dtors          0x9d000000        0x0
 *crtbegin.o(.dtors)
 *crtbegin?.o(.dtors)
 *(EXCLUDE_FILE(*crtend?.o *crtend.o) .dtors)
 *(SORT(.dtors.*))
 *(.dtors)
                0x9d000000                . = ALIGN (0x4)

.rodata         0x9d000000        0x0
 *(.gnu.linkonce.r.*)
 *(.rodata1)
                0x9d000000                . = ALIGN (0x4)

.sdata2         0x9fc00490        0x0
 *(.sdata2 .sdata2.* .gnu.linkonce.s2.*)
                0x9fc00490                . = ALIGN (0x4)

.sbss2          0x9fc00490        0x0
 *(.sbss2 .sbss2.* .gnu.linkonce.sb2.*)
                0x9fc00490                . = ALIGN (0x4)

.eh_frame_hdr
 *(.eh_frame_hdr)
                0x9fc00490                . = ALIGN (0x4)

.eh_frame
 *(.eh_frame)
                0x9fc00490                . = ALIGN (0x4)

.gcc_except_table
 *(.gcc_except_table .gcc_except_table.*)
                0x9fc00490                . = ALIGN (0x4)

.dbg_data       0xa0000000        0x0
                0xa0000000                . = (. + DEFINED (_DEBUGGER)?0x200:0x0)

.jcr            0xa0000000        0x0
 *(.jcr)
                0xa0000000                . = ALIGN (0x4)

.eh_frame
 *(.eh_frame)
                0xa0000000                . = ALIGN (0x4)

.gcc_except_table
 *(.gcc_except_table .gcc_except_table.*)
                0xa0000000                . = ALIGN (0x4)

.persist        0xa0000000        0x0
                0xa0000000                _persist_begin = .
 *(.persist .persist.*)
 *(.pbss .pbss.*)
                0xa0000000                . = ALIGN (0x4)
                0xa0000000                _persist_end = .

.data           0xa0000000        0x0
 *(.gnu.linkonce.d.*)
 *(.data1)
                0xa0000000                . = ALIGN (0x4)
                0xa0000000                . = .
                0xa0007ff0                _gp = (ALIGN (0x10) + 0x7ff0)

.got            0xa0000000        0x0
 *(.got.plt)
 *(.got)
                0xa0000000                . = ALIGN (0x4)

.sdata          0xa0000000       0x10
                0xa0000000                _sdata_begin = .
 *(.sdata .sdata.* .gnu.linkonce.s.*)
 .sdata         0xa0000000        0x4 build/milestone1/production/_ext/1475386849/port.o
                0xa0000000                uxInterruptNesting
 .sdata         0xa0000004        0xc build/milestone1/production/_ext/1555642536/system_init.o
                0xa0000004                msg0Init
                0xa0000010                . = ALIGN (0x4)
                0xa0000010                _sdata_end = .

.lit8
 *(.lit8)

.lit4
 *(.lit4)
                0xa0000010                . = ALIGN (0x4)
                0xa0000010                _data_end = .
                0xa0000010                _bss_begin = .

.sbss           0xa0000010       0x6c
                0xa0000010                _sbss_begin = .
 *(.dynsbss)
 *(.sbss .sbss.* .gnu.linkonce.sb.*)
 .sbss          0xa0000010       0x3c build/milestone1/production/_ext/1241959881/tasks.o
                0xa0000048                pxCurrentTCB
 .sbss          0xa000004c        0x8 build/milestone1/production/_ext/1366647692/heap_1.o
 .sbss          0xa0000054        0x4 build/milestone1/production/_ext/1475386849/port.o
                0xa0000054                uxSavedTaskStackPointer
 .sbss          0xa0000058        0x1 build/milestone1/production/_ext/1864120335/drv_tmr_static.o
 *fill*         0xa0000059        0x3 
 .sbss          0xa000005c        0xc build/milestone1/production/_ext/1555642536/system_exceptions.o
 *(.scommon)
 .scommon       0xa0000068        0x8 build/milestone1/production/_ext/1360937237/app.o
                0xa0000068                appData
                0xa000006c                app1Iter
 .scommon       0xa0000070        0x4 build/milestone1/production/_ext/1360937237/debug.o
                0xa0000070                global_data
 .scommon       0xa0000074        0x8 build/milestone1/production/_ext/2019779704/sys_devcon.o
                0xa0000074                sysDevconObj
 .scommon       0xa000007c        0x0 build/milestone1/production/_ext/383799649/sys_clk_static.o
 .scommon       0xa000007c        0x0 build/milestone1/production/_ext/1555642536/system_init.o
 .scommon       0xa000007c        0x0 build/milestone1/production/_ext/1555642536/system_interrupt.o
 .scommon       0xa000007c        0x0 build/milestone1/production/_ext/1555642536/system_exceptions.o
 .scommon       0xa000007c        0x0 build/milestone1/production/_ext/1555642536/system_tasks.o
                0xa000007c                _sbss_end = .
                0xa000007c                . = ALIGN (0x4)

.bss            0xa000007c        0xc
 *(.dynbss)
 *(COMMON)
 COMMON         0xa000007c        0xc build/milestone1/production/_ext/1555642536/system_init.o
                0xa000007c                sysObj
                0xa0000088                . = ALIGN ((. != 0x0)?0x4:0x1)
                0xa0000088                . = ALIGN (0x4)
                0xa0000088                _end = .
                0xa0000088                _bss_end = .
                0x00020000                _bmxdudba_address = 0x20000
                0x00020000                _bmxdupba_address = 0x20000

/DISCARD/
 *(.pdr)
 *(.rel.dyn)
 *(.note.GNU-stack)
 *(.note.GNU-stack)
 *(.gnu_debuglink)
 *(.gnu.lto_*)
 *(.discard)

.gptab.sdata
 *(.gptab.data)
 *(.gptab.sdata)

.gptab.sbss
 *(.gptab.bss)
 *(.gptab.sbss)

.mdebug.abi32   0xa0000088        0x0
 *(.mdebug.abi32)
 .mdebug.abi32  0xa0000088        0x0 build/milestone1/production/_ext/1360937237/app.o
 .mdebug.abi32  0xa0000088        0x0 build/milestone1/production/_ext/1360937237/main.o
 .mdebug.abi32  0xa0000088        0x0 build/milestone1/production/_ext/1360937237/debug.o
 .mdebug.abi32  0xa0000088        0x0 build/milestone1/production/_ext/1423261102/osal_freertos.o
 .mdebug.abi32  0xa0000088        0x0 build/milestone1/production/_ext/2019779704/sys_devcon.o
 .mdebug.abi32  0xa0000088        0x0 build/milestone1/production/_ext/2019779704/sys_devcon_pic32mx.o
 .mdebug.abi32  0xa0000088        0x0 build/milestone1/production/_ext/1620769490/sys_int_pic32.o
 .mdebug.abi32  0xa0000088        0x0 build/milestone1/production/_ext/2060385216/sys_msg.o
 .mdebug.abi32  0xa0000088        0x0 build/milestone1/production/_ext/1241959881/croutine.o
 .mdebug.abi32  0xa0000088        0x0 build/milestone1/production/_ext/1241959881/list.o
 .mdebug.abi32  0xa0000088        0x0 build/milestone1/production/_ext/1241959881/queue.o
 .mdebug.abi32  0xa0000088        0x0 build/milestone1/production/_ext/1241959881/tasks.o
 .mdebug.abi32  0xa0000088        0x0 build/milestone1/production/_ext/1241959881/timers.o
 .mdebug.abi32  0xa0000088        0x0 build/milestone1/production/_ext/1241959881/event_groups.o
 .mdebug.abi32  0xa0000088        0x0 build/milestone1/production/_ext/1366647692/heap_1.o
 .mdebug.abi32  0xa0000088        0x0 build/milestone1/production/_ext/1475386849/port.o
 .mdebug.abi32  0xa0000088        0x0 build/milestone1/production/_ext/1864120335/drv_tmr_static.o
 .mdebug.abi32  0xa0000088        0x0 build/milestone1/production/_ext/1864120335/drv_tmr_mapping.o
 .mdebug.abi32  0xa0000088        0x0 build/milestone1/production/_ext/383799649/sys_clk_static.o
 .mdebug.abi32  0xa0000088        0x0 build/milestone1/production/_ext/956857457/sys_ports_static.o
 .mdebug.abi32  0xa0000088        0x0 build/milestone1/production/_ext/1555642536/system_init.o
 .mdebug.abi32  0xa0000088        0x0 build/milestone1/production/_ext/1555642536/system_interrupt.o
 .mdebug.abi32  0xa0000088        0x0 build/milestone1/production/_ext/1555642536/system_exceptions.o
 .mdebug.abi32  0xa0000088        0x0 build/milestone1/production/_ext/1555642536/system_tasks.o
 .mdebug.abi32  0xa0000088        0x0 build/milestone1/production/_ext/1555642536/rtos_hooks.o
 .mdebug.abi32  0xa0000088        0x0 c:/program files (x86)/microchip/xc32/v1.42/bin/bin/../../lib/gcc/pic32mx/4.8.3/../../../../pic32mx/lib\libpic32.a(default-bootstrap-exception-handler.o)
 .mdebug.abi32  0xa0000088        0x0 c:/program files (x86)/microchip/xc32/v1.42/bin/bin/../../lib/gcc/pic32mx/4.8.3/../../../../pic32mx/lib\libpic32.a(default-on-reset.o)
 .mdebug.abi32  0xa0000088        0x0 c:/program files (x86)/microchip/xc32/v1.42/bin/bin/../../lib/gcc/pic32mx/4.8.3/../../../../pic32mx/lib\libpic32.a(default-on-bootstrap.o)
 .mdebug.abi32  0xa0000088        0x0 c:/program files (x86)/microchip/xc32/v1.42/bin/bin/../../lib/gcc/pic32mx/4.8.3/../../../../pic32mx/lib\libpic32.a(defaultinterrupt.o)
 .mdebug.abi32  0xa0000088        0x0 c:/program files (x86)/microchip/xc32/v1.42/bin/bin/../../lib/gcc/pic32mx/4.8.3/../../../../pic32mx/lib\libc.a(calloc.o)
 .mdebug.abi32  0xa0000088        0x0 c:/program files (x86)/microchip/xc32/v1.42/bin/bin/../../lib/gcc/pic32mx/4.8.3/../../../../pic32mx/lib\libc.a(malloc.o)
 .mdebug.abi32  0xa0000088        0x0 c:/program files (x86)/microchip/xc32/v1.42/bin/bin/../../lib/gcc/pic32mx/4.8.3/../../../../pic32mx/lib\libpic32.a(sbrk.o)
 .mdebug.abi32  0xa0000088        0x0 c:/program files (x86)/microchip/xc32/v1.42/bin/bin/../../lib/gcc/pic32mx/4.8.3/../../../../pic32mx/lib\libpic32.a(errno.o)

.mdebug.abiN32
 *(.mdebug.abiN32)

.mdebug.abi64
 *(.mdebug.abi64)

.mdebug.abiO64
 *(.mdebug.abiO64)

.mdebug.eabi32
 *(.mdebug.eabi32)

.mdebug.eabi64
 *(.mdebug.eabi64)

.gcc_compiled_long32
 *(.gcc_compiled_long32)

.gcc_compiled_long64
 *(.gcc_compiled_long64)

.stab
 *(.stab)

.stabstr
 *(.stabstr)

.stab.excl
 *(.stab.excl)

.stab.exclstr
 *(.stab.exclstr)

.stab.index
 *(.stab.index)

.stab.indexstr
 *(.stab.indexstr)

.comment        0x00000000       0x9f
 *(.comment)
 .comment       0x00000000       0x3c build/milestone1/production/_ext/1360937237/app.o
                                 0x3d (size before relaxing)
 .comment       0x00000000       0x3d build/milestone1/production/_ext/1360937237/main.o
 .comment       0x00000000       0x3d build/milestone1/production/_ext/1360937237/debug.o
 .comment       0x00000000       0x3d build/milestone1/production/_ext/1423261102/osal_freertos.o
 .comment       0x00000000       0x3d build/milestone1/production/_ext/2019779704/sys_devcon.o
 .comment       0x00000000       0x3d build/milestone1/production/_ext/2019779704/sys_devcon_pic32mx.o
 .comment       0x00000000       0x3d build/milestone1/production/_ext/1620769490/sys_int_pic32.o
 .comment       0x00000000       0x3d build/milestone1/production/_ext/2060385216/sys_msg.o
 .comment       0x00000000       0x3d build/milestone1/production/_ext/1241959881/croutine.o
 .comment       0x00000000       0x3d build/milestone1/production/_ext/1241959881/list.o
 .comment       0x00000000       0x3d build/milestone1/production/_ext/1241959881/queue.o
 .comment       0x00000000       0x3d build/milestone1/production/_ext/1241959881/tasks.o
 .comment       0x00000000       0x3d build/milestone1/production/_ext/1241959881/timers.o
 .comment       0x00000000       0x3d build/milestone1/production/_ext/1241959881/event_groups.o
 .comment       0x00000000       0x3d build/milestone1/production/_ext/1366647692/heap_1.o
 .comment       0x00000000       0x3d build/milestone1/production/_ext/1475386849/port.o
 .comment       0x00000000       0x3d build/milestone1/production/_ext/1864120335/drv_tmr_static.o
 .comment       0x00000000       0x3d build/milestone1/production/_ext/1864120335/drv_tmr_mapping.o
 .comment       0x00000000       0x3d build/milestone1/production/_ext/383799649/sys_clk_static.o
 .comment       0x00000000       0x3d build/milestone1/production/_ext/956857457/sys_ports_static.o
 .comment       0x00000000       0x3d build/milestone1/production/_ext/1555642536/system_init.o
 .comment       0x00000000       0x3d build/milestone1/production/_ext/1555642536/system_interrupt.o
 .comment       0x00000000       0x3d build/milestone1/production/_ext/1555642536/system_exceptions.o
 .comment       0x00000000       0x3d build/milestone1/production/_ext/1555642536/system_tasks.o
 .comment       0x00000000       0x3d build/milestone1/production/_ext/1555642536/rtos_hooks.o
 .comment       0x0000003c       0x18 c:/program files (x86)/microchip/xc32/v1.42/bin/bin/../../lib/gcc/pic32mx/4.8.3/../../../../pic32mx/lib\libpic32.a(memset.o)
                                 0x19 (size before relaxing)
 .comment       0x00000000       0x3d c:/program files (x86)/microchip/xc32/v1.42/bin/bin/../../lib/gcc/pic32mx/4.8.3/../../../../pic32mx/lib\libpic32.a(default-bootstrap-exception-handler.o)
 .comment       0x00000000       0x3d c:/program files (x86)/microchip/xc32/v1.42/bin/bin/../../lib/gcc/pic32mx/4.8.3/../../../../pic32mx/lib\libpic32.a(default-on-reset.o)
 .comment       0x00000000       0x3d c:/program files (x86)/microchip/xc32/v1.42/bin/bin/../../lib/gcc/pic32mx/4.8.3/../../../../pic32mx/lib\libpic32.a(default-on-bootstrap.o)
 .comment       0x00000000       0x3d c:/program files (x86)/microchip/xc32/v1.42/bin/bin/../../lib/gcc/pic32mx/4.8.3/../../../../pic32mx/lib\libpic32.a(defaultinterrupt.o)
 .comment       0x00000000       0x3d c:/program files (x86)/microchip/xc32/v1.42/bin/bin/../../lib/gcc/pic32mx/4.8.3/../../../../pic32mx/lib\libc.a(calloc.o)
 .comment       0x00000000       0x3d c:/program files (x86)/microchip/xc32/v1.42/bin/bin/../../lib/gcc/pic32mx/4.8.3/../../../../pic32mx/lib\libc.a(malloc.o)
 .comment       0x00000054       0x4b c:/program files (x86)/microchip/xc32/v1.42/bin/bin/../../lib/gcc/pic32mx/4.8.3/../../../../pic32mx/lib\libpic32.a(sbrk.o)
                                 0x88 (size before relaxing)
 .comment       0x00000000       0x3d c:/program files (x86)/microchip/xc32/v1.42/bin/bin/../../lib/gcc/pic32mx/4.8.3/../../../../pic32mx/lib\libpic32.a(errno.o)

.debug
 *(.debug)

.line
 *(.line)

.debug_srcinfo
 *(.debug_srcinfo)

.debug_sfnames
 *(.debug_sfnames)

.debug_aranges  0x00000000      0xb20
 *(.debug_aranges)
 .debug_aranges
                0x00000000       0x28 build/milestone1/production/_ext/1360937237/app.o
 .debug_aranges
                0x00000028       0x20 build/milestone1/production/_ext/1360937237/main.o
 .debug_aranges
                0x00000048       0x40 build/milestone1/production/_ext/1360937237/debug.o
 .debug_aranges
                0x00000088       0x88 build/milestone1/production/_ext/1423261102/osal_freertos.o
 .debug_aranges
                0x00000110       0x78 build/milestone1/production/_ext/2019779704/sys_devcon.o
 .debug_aranges
                0x00000188       0x20 build/milestone1/production/_ext/2019779704/sys_devcon_pic32mx.o
 .debug_aranges
                0x000001a8       0x48 build/milestone1/production/_ext/1620769490/sys_int_pic32.o
 .debug_aranges
                0x000001f0       0xf0 build/milestone1/production/_ext/2060385216/sys_msg.o
 .debug_aranges
                0x000002e0       0x18 build/milestone1/production/_ext/1241959881/croutine.o
 .debug_aranges
                0x000002f8       0x40 build/milestone1/production/_ext/1241959881/list.o
 .debug_aranges
                0x00000338       0xb0 build/milestone1/production/_ext/1241959881/queue.o
 .debug_aranges
                0x000003e8      0x178 build/milestone1/production/_ext/1241959881/tasks.o
 .debug_aranges
                0x00000560       0x18 build/milestone1/production/_ext/1241959881/timers.o
 .debug_aranges
                0x00000578       0x60 build/milestone1/production/_ext/1241959881/event_groups.o
 .debug_aranges
                0x000005d8       0x38 build/milestone1/production/_ext/1366647692/heap_1.o
 .debug_aranges
                0x00000610       0x58 build/milestone1/production/_ext/1475386849/port.o
 .debug_aranges
                0x00000668       0x20 build/milestone1/production/_ext/1475386849/port_asm.o
 .debug_aranges
                0x00000688       0x88 build/milestone1/production/_ext/1864120335/drv_tmr_static.o
 .debug_aranges
                0x00000710       0xc8 build/milestone1/production/_ext/1864120335/drv_tmr_mapping.o
 .debug_aranges
                0x000007d8       0x50 build/milestone1/production/_ext/383799649/sys_clk_static.o
 .debug_aranges
                0x00000828      0x108 build/milestone1/production/_ext/956857457/sys_ports_static.o
 .debug_aranges
                0x00000930       0x20 build/milestone1/production/_ext/1555642536/system_init.o
 .debug_aranges
                0x00000950       0x20 build/milestone1/production/_ext/1555642536/system_interrupt.o
 .debug_aranges
                0x00000970       0x20 build/milestone1/production/_ext/1555642536/system_exceptions.o
 .debug_aranges
                0x00000990       0x30 build/milestone1/production/_ext/1555642536/system_tasks.o
 .debug_aranges
                0x000009c0       0x28 build/milestone1/production/_ext/1555642536/system_interrupt_a.o
 .debug_aranges
                0x000009e8       0x28 build/milestone1/production/_ext/1555642536/rtos_hooks.o
 .debug_aranges
                0x00000a10       0x20 c:/program files (x86)/microchip/xc32/v1.42/bin/bin/../../lib/gcc/pic32mx/4.8.3/../../../../pic32mx/lib\libpic32.a(default-bootstrap-exception-handler.o)
 .debug_aranges
                0x00000a30       0x20 c:/program files (x86)/microchip/xc32/v1.42/bin/bin/../../lib/gcc/pic32mx/4.8.3/../../../../pic32mx/lib\libpic32.a(default-on-reset.o)
 .debug_aranges
                0x00000a50       0x20 c:/program files (x86)/microchip/xc32/v1.42/bin/bin/../../lib/gcc/pic32mx/4.8.3/../../../../pic32mx/lib\libpic32.a(default-on-bootstrap.o)
 .debug_aranges
                0x00000a70       0x20 c:/program files (x86)/microchip/xc32/v1.42/bin/bin/../../lib/gcc/pic32mx/4.8.3/../../../../pic32mx/lib\libpic32.a(defaultinterrupt.o)
 .debug_aranges
                0x00000a90       0x20 c:/program files (x86)/microchip/xc32/v1.42/bin/bin/../../lib/gcc/pic32mx/4.8.3/../../../../pic32mx/lib\libc.a(calloc.o)
 .debug_aranges
                0x00000ab0       0x30 c:/program files (x86)/microchip/xc32/v1.42/bin/bin/../../lib/gcc/pic32mx/4.8.3/../../../../pic32mx/lib\libc.a(malloc.o)
 .debug_aranges
                0x00000ae0       0x40 c:/program files (x86)/microchip/xc32/v1.42/bin/bin/../../lib/gcc/pic32mx/4.8.3/../../../../pic32mx/lib\libpic32.a(sbrk.o)

.debug_pubnames
 *(.debug_pubnames)

.debug_info     0x00000000    0x2cb1f
 *(.debug_info .gnu.linkonce.wi.*)
 .debug_info    0x00000000     0x3161 build/milestone1/production/_ext/1360937237/app.o
 .debug_info    0x00003161      0x1a9 build/milestone1/production/_ext/1360937237/main.o
 .debug_info    0x0000330a     0x3202 build/milestone1/production/_ext/1360937237/debug.o
 .debug_info    0x0000650c      0xaae build/milestone1/production/_ext/1423261102/osal_freertos.o
 .debug_info    0x00006fba     0x116e build/milestone1/production/_ext/2019779704/sys_devcon.o
 .debug_info    0x00008128      0xd5f build/milestone1/production/_ext/2019779704/sys_devcon_pic32mx.o
 .debug_info    0x00008e87     0x15c6 build/milestone1/production/_ext/1620769490/sys_int_pic32.o
 .debug_info    0x0000a44d     0x19c9 build/milestone1/production/_ext/2060385216/sys_msg.o
 .debug_info    0x0000be16      0x18f build/milestone1/production/_ext/1241959881/croutine.o
 .debug_info    0x0000bfa5      0x48b build/milestone1/production/_ext/1241959881/list.o
 .debug_info    0x0000c430     0x193e build/milestone1/production/_ext/1241959881/queue.o
 .debug_info    0x0000dd6e     0x292d build/milestone1/production/_ext/1241959881/tasks.o
 .debug_info    0x0001069b      0x18d build/milestone1/production/_ext/1241959881/timers.o
 .debug_info    0x00010828      0xd62 build/milestone1/production/_ext/1241959881/event_groups.o
 .debug_info    0x0001158a      0x393 build/milestone1/production/_ext/1366647692/heap_1.o
 .debug_info    0x0001191d     0x11be build/milestone1/production/_ext/1475386849/port.o
 .debug_info    0x00012adb       0xdd build/milestone1/production/_ext/1475386849/port_asm.o
 .debug_info    0x00012bb8     0x33c8 build/milestone1/production/_ext/1864120335/drv_tmr_static.o
 .debug_info    0x00015f80     0x1071 build/milestone1/production/_ext/1864120335/drv_tmr_mapping.o
 .debug_info    0x00016ff1     0x3da5 build/milestone1/production/_ext/383799649/sys_clk_static.o
 .debug_info    0x0001ad96     0x3ad7 build/milestone1/production/_ext/956857457/sys_ports_static.o
 .debug_info    0x0001e86d     0x379b build/milestone1/production/_ext/1555642536/system_init.o
 .debug_info    0x00022008     0x3d65 build/milestone1/production/_ext/1555642536/system_interrupt.o
 .debug_info    0x00025d6d     0x3110 build/milestone1/production/_ext/1555642536/system_exceptions.o
 .debug_info    0x00028e7d     0x333f build/milestone1/production/_ext/1555642536/system_tasks.o
 .debug_info    0x0002c1bc       0x9e build/milestone1/production/_ext/1555642536/system_interrupt_a.o
 .debug_info    0x0002c25a      0x254 build/milestone1/production/_ext/1555642536/rtos_hooks.o
 .debug_info    0x0002c4ae       0xf5 c:/program files (x86)/microchip/xc32/v1.42/bin/bin/../../lib/gcc/pic32mx/4.8.3/../../../../pic32mx/lib\libpic32.a(default-bootstrap-exception-handler.o)
 .debug_info    0x0002c5a3       0xcf c:/program files (x86)/microchip/xc32/v1.42/bin/bin/../../lib/gcc/pic32mx/4.8.3/../../../../pic32mx/lib\libpic32.a(default-on-reset.o)
 .debug_info    0x0002c672       0xd7 c:/program files (x86)/microchip/xc32/v1.42/bin/bin/../../lib/gcc/pic32mx/4.8.3/../../../../pic32mx/lib\libpic32.a(default-on-bootstrap.o)
 .debug_info    0x0002c749       0xe9 c:/program files (x86)/microchip/xc32/v1.42/bin/bin/../../lib/gcc/pic32mx/4.8.3/../../../../pic32mx/lib\libpic32.a(defaultinterrupt.o)
 .debug_info    0x0002c832       0xc8 c:/program files (x86)/microchip/xc32/v1.42/bin/bin/../../lib/gcc/pic32mx/4.8.3/../../../../pic32mx/lib\libc.a(calloc.o)
 .debug_info    0x0002c8fa       0xf9 c:/program files (x86)/microchip/xc32/v1.42/bin/bin/../../lib/gcc/pic32mx/4.8.3/../../../../pic32mx/lib\libc.a(malloc.o)
 .debug_info    0x0002c9f3      0x12c c:/program files (x86)/microchip/xc32/v1.42/bin/bin/../../lib/gcc/pic32mx/4.8.3/../../../../pic32mx/lib\libpic32.a(sbrk.o)

.debug_abbrev   0x00000000     0x2e2d
 *(.debug_abbrev)
 .debug_abbrev  0x00000000       0xf7 build/milestone1/production/_ext/1360937237/app.o
 .debug_abbrev  0x000000f7       0x93 build/milestone1/production/_ext/1360937237/main.o
 .debug_abbrev  0x0000018a      0x103 build/milestone1/production/_ext/1360937237/debug.o
 .debug_abbrev  0x0000028d      0x1fe build/milestone1/production/_ext/1423261102/osal_freertos.o
 .debug_abbrev  0x0000048b      0x26d build/milestone1/production/_ext/2019779704/sys_devcon.o
 .debug_abbrev  0x000006f8      0x16d build/milestone1/production/_ext/2019779704/sys_devcon_pic32mx.o
 .debug_abbrev  0x00000865      0x1d0 build/milestone1/production/_ext/1620769490/sys_int_pic32.o
 .debug_abbrev  0x00000a35      0x3db build/milestone1/production/_ext/2060385216/sys_msg.o
 .debug_abbrev  0x00000e10       0x1b build/milestone1/production/_ext/1241959881/croutine.o
 .debug_abbrev  0x00000e2b       0xf1 build/milestone1/production/_ext/1241959881/list.o
 .debug_abbrev  0x00000f1c      0x2f4 build/milestone1/production/_ext/1241959881/queue.o
 .debug_abbrev  0x00001210      0x381 build/milestone1/production/_ext/1241959881/tasks.o
 .debug_abbrev  0x00001591       0x1b build/milestone1/production/_ext/1241959881/timers.o
 .debug_abbrev  0x000015ac      0x29a build/milestone1/production/_ext/1241959881/event_groups.o
 .debug_abbrev  0x00001846      0x13f build/milestone1/production/_ext/1366647692/heap_1.o
 .debug_abbrev  0x00001985      0x2cf build/milestone1/production/_ext/1475386849/port.o
 .debug_abbrev  0x00001c54       0x14 build/milestone1/production/_ext/1475386849/port_asm.o
 .debug_abbrev  0x00001c68      0x314 build/milestone1/production/_ext/1864120335/drv_tmr_static.o
 .debug_abbrev  0x00001f7c      0x24a build/milestone1/production/_ext/1864120335/drv_tmr_mapping.o
 .debug_abbrev  0x000021c6      0x28c build/milestone1/production/_ext/383799649/sys_clk_static.o
 .debug_abbrev  0x00002452      0x222 build/milestone1/production/_ext/956857457/sys_ports_static.o
 .debug_abbrev  0x00002674      0x224 build/milestone1/production/_ext/1555642536/system_init.o
 .debug_abbrev  0x00002898      0x16e build/milestone1/production/_ext/1555642536/system_interrupt.o
 .debug_abbrev  0x00002a06       0xba build/milestone1/production/_ext/1555642536/system_exceptions.o
 .debug_abbrev  0x00002ac0      0x161 build/milestone1/production/_ext/1555642536/system_tasks.o
 .debug_abbrev  0x00002c21       0x12 build/milestone1/production/_ext/1555642536/system_interrupt_a.o
 .debug_abbrev  0x00002c33       0x97 build/milestone1/production/_ext/1555642536/rtos_hooks.o
 .debug_abbrev  0x00002cca       0x28 c:/program files (x86)/microchip/xc32/v1.42/bin/bin/../../lib/gcc/pic32mx/4.8.3/../../../../pic32mx/lib\libpic32.a(default-bootstrap-exception-handler.o)
 .debug_abbrev  0x00002cf2       0x28 c:/program files (x86)/microchip/xc32/v1.42/bin/bin/../../lib/gcc/pic32mx/4.8.3/../../../../pic32mx/lib\libpic32.a(default-on-reset.o)
 .debug_abbrev  0x00002d1a       0x28 c:/program files (x86)/microchip/xc32/v1.42/bin/bin/../../lib/gcc/pic32mx/4.8.3/../../../../pic32mx/lib\libpic32.a(default-on-bootstrap.o)
 .debug_abbrev  0x00002d42       0x28 c:/program files (x86)/microchip/xc32/v1.42/bin/bin/../../lib/gcc/pic32mx/4.8.3/../../../../pic32mx/lib\libpic32.a(defaultinterrupt.o)
 .debug_abbrev  0x00002d6a       0x28 c:/program files (x86)/microchip/xc32/v1.42/bin/bin/../../lib/gcc/pic32mx/4.8.3/../../../../pic32mx/lib\libc.a(calloc.o)
 .debug_abbrev  0x00002d92       0x47 c:/program files (x86)/microchip/xc32/v1.42/bin/bin/../../lib/gcc/pic32mx/4.8.3/../../../../pic32mx/lib\libc.a(malloc.o)
 .debug_abbrev  0x00002dd9       0x54 c:/program files (x86)/microchip/xc32/v1.42/bin/bin/../../lib/gcc/pic32mx/4.8.3/../../../../pic32mx/lib\libpic32.a(sbrk.o)

.debug_line     0x00000000     0x5ae1
 *(.debug_line)
 .debug_line    0x00000000      0x1e2 build/milestone1/production/_ext/1360937237/app.o
 .debug_line    0x000001e2       0xb6 build/milestone1/production/_ext/1360937237/main.o
 .debug_line    0x00000298      0x19c build/milestone1/production/_ext/1360937237/debug.o
 .debug_line    0x00000434      0x2bb build/milestone1/production/_ext/1423261102/osal_freertos.o
 .debug_line    0x000006ef      0x5c6 build/milestone1/production/_ext/2019779704/sys_devcon.o
 .debug_line    0x00000cb5      0x471 build/milestone1/production/_ext/2019779704/sys_devcon_pic32mx.o
 .debug_line    0x00001126      0x38c build/milestone1/production/_ext/1620769490/sys_int_pic32.o
 .debug_line    0x000014b2      0x53c build/milestone1/production/_ext/2060385216/sys_msg.o
 .debug_line    0x000019ee       0x1d build/milestone1/production/_ext/1241959881/croutine.o
 .debug_line    0x00001a0b      0x1dc build/milestone1/production/_ext/1241959881/list.o
 .debug_line    0x00001be7      0x496 build/milestone1/production/_ext/1241959881/queue.o
 .debug_line    0x0000207d      0x7ba build/milestone1/production/_ext/1241959881/tasks.o
 .debug_line    0x00002837       0x1d build/milestone1/production/_ext/1241959881/timers.o
 .debug_line    0x00002854      0x325 build/milestone1/production/_ext/1241959881/event_groups.o
 .debug_line    0x00002b79      0x216 build/milestone1/production/_ext/1366647692/heap_1.o
 .debug_line    0x00002d8f      0x23a build/milestone1/production/_ext/1475386849/port.o
 .debug_line    0x00002fc9      0x123 build/milestone1/production/_ext/1475386849/port_asm.o
 .debug_line    0x000030ec      0x6ec build/milestone1/production/_ext/1864120335/drv_tmr_static.o
 .debug_line    0x000037d8      0x496 build/milestone1/production/_ext/1864120335/drv_tmr_mapping.o
 .debug_line    0x00003c6e      0x48e build/milestone1/production/_ext/383799649/sys_clk_static.o
 .debug_line    0x000040fc      0x785 build/milestone1/production/_ext/956857457/sys_ports_static.o
 .debug_line    0x00004881      0x42d build/milestone1/production/_ext/1555642536/system_init.o
 .debug_line    0x00004cae      0x330 build/milestone1/production/_ext/1555642536/system_interrupt.o
 .debug_line    0x00004fde      0x1b3 build/milestone1/production/_ext/1555642536/system_exceptions.o
 .debug_line    0x00005191      0x37f build/milestone1/production/_ext/1555642536/system_tasks.o
 .debug_line    0x00005510       0x7e build/milestone1/production/_ext/1555642536/system_interrupt_a.o
 .debug_line    0x0000558e      0x144 build/milestone1/production/_ext/1555642536/rtos_hooks.o
 .debug_line    0x000056d2       0xa9 c:/program files (x86)/microchip/xc32/v1.42/bin/bin/../../lib/gcc/pic32mx/4.8.3/../../../../pic32mx/lib\libpic32.a(default-bootstrap-exception-handler.o)
 .debug_line    0x0000577b       0x96 c:/program files (x86)/microchip/xc32/v1.42/bin/bin/../../lib/gcc/pic32mx/4.8.3/../../../../pic32mx/lib\libpic32.a(default-on-reset.o)
 .debug_line    0x00005811       0x9a c:/program files (x86)/microchip/xc32/v1.42/bin/bin/../../lib/gcc/pic32mx/4.8.3/../../../../pic32mx/lib\libpic32.a(default-on-bootstrap.o)
 .debug_line    0x000058ab       0xa8 c:/program files (x86)/microchip/xc32/v1.42/bin/bin/../../lib/gcc/pic32mx/4.8.3/../../../../pic32mx/lib\libpic32.a(defaultinterrupt.o)
 .debug_line    0x00005953       0x82 c:/program files (x86)/microchip/xc32/v1.42/bin/bin/../../lib/gcc/pic32mx/4.8.3/../../../../pic32mx/lib\libc.a(calloc.o)
 .debug_line    0x000059d5       0x82 c:/program files (x86)/microchip/xc32/v1.42/bin/bin/../../lib/gcc/pic32mx/4.8.3/../../../../pic32mx/lib\libc.a(malloc.o)
 .debug_line    0x00005a57       0x8a c:/program files (x86)/microchip/xc32/v1.42/bin/bin/../../lib/gcc/pic32mx/4.8.3/../../../../pic32mx/lib\libpic32.a(sbrk.o)
 .debug_line    0x00005ae1        0x0 c:/program files (x86)/microchip/xc32/v1.42/bin/bin/../../lib/gcc/pic32mx/4.8.3/../../../../pic32mx/lib\libpic32.a(errno.o)

.debug_frame    0x00000000     0x1764
 *(.debug_frame)
 .debug_frame   0x00000000       0x38 build/milestone1/production/_ext/1360937237/app.o
 .debug_frame   0x00000038       0x28 build/milestone1/production/_ext/1360937237/main.o
 .debug_frame   0x00000060       0x68 build/milestone1/production/_ext/1360937237/debug.o
 .debug_frame   0x000000c8      0x150 build/milestone1/production/_ext/1423261102/osal_freertos.o
 .debug_frame   0x00000218       0xe8 build/milestone1/production/_ext/2019779704/sys_devcon.o
 .debug_frame   0x00000300       0x28 build/milestone1/production/_ext/2019779704/sys_devcon_pic32mx.o
 .debug_frame   0x00000328       0x90 build/milestone1/production/_ext/1620769490/sys_int_pic32.o
 .debug_frame   0x000003b8      0x270 build/milestone1/production/_ext/2060385216/sys_msg.o
 .debug_frame   0x00000628       0x60 build/milestone1/production/_ext/1241959881/list.o
 .debug_frame   0x00000688      0x218 build/milestone1/production/_ext/1241959881/queue.o
 .debug_frame   0x000008a0      0x458 build/milestone1/production/_ext/1241959881/tasks.o
 .debug_frame   0x00000cf8      0x108 build/milestone1/production/_ext/1241959881/event_groups.o
 .debug_frame   0x00000e00       0x5c build/milestone1/production/_ext/1366647692/heap_1.o
 .debug_frame   0x00000e5c       0xc0 build/milestone1/production/_ext/1475386849/port.o
 .debug_frame   0x00000f1c       0xf8 build/milestone1/production/_ext/1864120335/drv_tmr_static.o
 .debug_frame   0x00001014      0x210 build/milestone1/production/_ext/1864120335/drv_tmr_mapping.o
 .debug_frame   0x00001224       0xa0 build/milestone1/production/_ext/383799649/sys_clk_static.o
 .debug_frame   0x000012c4      0x1f0 build/milestone1/production/_ext/956857457/sys_ports_static.o
 .debug_frame   0x000014b4       0x28 build/milestone1/production/_ext/1555642536/system_init.o
 .debug_frame   0x000014dc       0x28 build/milestone1/production/_ext/1555642536/system_interrupt.o
 .debug_frame   0x00001504       0x28 build/milestone1/production/_ext/1555642536/system_exceptions.o
 .debug_frame   0x0000152c       0x58 build/milestone1/production/_ext/1555642536/system_tasks.o
 .debug_frame   0x00001584       0x40 build/milestone1/production/_ext/1555642536/rtos_hooks.o
 .debug_frame   0x000015c4       0x2c c:/program files (x86)/microchip/xc32/v1.42/bin/bin/../../lib/gcc/pic32mx/4.8.3/../../../../pic32mx/lib\libpic32.a(default-bootstrap-exception-handler.o)
 .debug_frame   0x000015f0       0x20 c:/program files (x86)/microchip/xc32/v1.42/bin/bin/../../lib/gcc/pic32mx/4.8.3/../../../../pic32mx/lib\libpic32.a(default-on-reset.o)
 .debug_frame   0x00001610       0x20 c:/program files (x86)/microchip/xc32/v1.42/bin/bin/../../lib/gcc/pic32mx/4.8.3/../../../../pic32mx/lib\libpic32.a(default-on-bootstrap.o)
 .debug_frame   0x00001630       0x20 c:/program files (x86)/microchip/xc32/v1.42/bin/bin/../../lib/gcc/pic32mx/4.8.3/../../../../pic32mx/lib\libpic32.a(defaultinterrupt.o)
 .debug_frame   0x00001650       0x28 c:/program files (x86)/microchip/xc32/v1.42/bin/bin/../../lib/gcc/pic32mx/4.8.3/../../../../pic32mx/lib\libc.a(calloc.o)
 .debug_frame   0x00001678       0x68 c:/program files (x86)/microchip/xc32/v1.42/bin/bin/../../lib/gcc/pic32mx/4.8.3/../../../../pic32mx/lib\libc.a(malloc.o)
 .debug_frame   0x000016e0       0x84 c:/program files (x86)/microchip/xc32/v1.42/bin/bin/../../lib/gcc/pic32mx/4.8.3/../../../../pic32mx/lib\libpic32.a(sbrk.o)

.debug_str      0x00000000      0x6d5
 *(.debug_str)
 .debug_str     0x00000000        0x0 build/milestone1/production/_ext/1360937237/app.o
 .debug_str     0x00000000        0x0 build/milestone1/production/_ext/1360937237/main.o
 .debug_str     0x00000000        0x7 build/milestone1/production/_ext/1360937237/debug.o
 .debug_str     0x00000007       0x40 build/milestone1/production/_ext/1423261102/osal_freertos.o
 .debug_str     0x00000047       0x16 build/milestone1/production/_ext/2019779704/sys_devcon.o
 .debug_str     0x0000005d        0x6 build/milestone1/production/_ext/2019779704/sys_devcon_pic32mx.o
 .debug_str     0x00000063       0x2d build/milestone1/production/_ext/1620769490/sys_int_pic32.o
 .debug_str     0x00000090      0x133 build/milestone1/production/_ext/2060385216/sys_msg.o
 .debug_str     0x000001c3        0x0 build/milestone1/production/_ext/1241959881/croutine.o
 .debug_str     0x000001c3       0x2b build/milestone1/production/_ext/1241959881/list.o
 .debug_str     0x000001ee      0x131 build/milestone1/production/_ext/1241959881/queue.o
 .debug_str     0x0000031f      0x186 build/milestone1/production/_ext/1241959881/tasks.o
 .debug_str     0x000004a5        0x0 build/milestone1/production/_ext/1241959881/timers.o
 .debug_str     0x000004a5       0xe6 build/milestone1/production/_ext/1241959881/event_groups.o
 .debug_str     0x0000058b       0x1d build/milestone1/production/_ext/1366647692/heap_1.o
 .debug_str     0x000005a8       0x37 build/milestone1/production/_ext/1475386849/port.o
 .debug_str     0x000005df       0x4d build/milestone1/production/_ext/1864120335/drv_tmr_static.o
 .debug_str     0x0000062c        0x7 build/milestone1/production/_ext/1864120335/drv_tmr_mapping.o
 .debug_str     0x00000633       0x39 build/milestone1/production/_ext/383799649/sys_clk_static.o
 .debug_str     0x0000066c       0x55 build/milestone1/production/_ext/956857457/sys_ports_static.o
 .debug_str     0x000006c1        0xb build/milestone1/production/_ext/1555642536/system_init.o
 .debug_str     0x000006cc        0x0 build/milestone1/production/_ext/1555642536/system_interrupt.o
 .debug_str     0x000006cc        0x0 build/milestone1/production/_ext/1555642536/system_exceptions.o
 .debug_str     0x000006cc        0x0 build/milestone1/production/_ext/1555642536/system_tasks.o
 .debug_str     0x000006cc        0x9 build/milestone1/production/_ext/1555642536/rtos_hooks.o
 .debug_str     0x000006d5        0x0 c:/program files (x86)/microchip/xc32/v1.42/bin/bin/../../lib/gcc/pic32mx/4.8.3/../../../../pic32mx/lib\libpic32.a(default-bootstrap-exception-handler.o)
 .debug_str     0x000006d5        0x0 c:/program files (x86)/microchip/xc32/v1.42/bin/bin/../../lib/gcc/pic32mx/4.8.3/../../../../pic32mx/lib\libpic32.a(default-on-reset.o)
 .debug_str     0x000006d5        0x0 c:/program files (x86)/microchip/xc32/v1.42/bin/bin/../../lib/gcc/pic32mx/4.8.3/../../../../pic32mx/lib\libpic32.a(default-on-bootstrap.o)
 .debug_str     0x000006d5        0x0 c:/program files (x86)/microchip/xc32/v1.42/bin/bin/../../lib/gcc/pic32mx/4.8.3/../../../../pic32mx/lib\libpic32.a(defaultinterrupt.o)
 .debug_str     0x000006d5        0x0 c:/program files (x86)/microchip/xc32/v1.42/bin/bin/../../lib/gcc/pic32mx/4.8.3/../../../../pic32mx/lib\libc.a(calloc.o)
 .debug_str     0x000006d5        0x0 c:/program files (x86)/microchip/xc32/v1.42/bin/bin/../../lib/gcc/pic32mx/4.8.3/../../../../pic32mx/lib\libc.a(malloc.o)
 .debug_str     0x000006d5        0x0 c:/program files (x86)/microchip/xc32/v1.42/bin/bin/../../lib/gcc/pic32mx/4.8.3/../../../../pic32mx/lib\libpic32.a(sbrk.o)
 .debug_str     0x000006d5        0x0 c:/program files (x86)/microchip/xc32/v1.42/bin/bin/../../lib/gcc/pic32mx/4.8.3/../../../../pic32mx/lib\libpic32.a(errno.o)

.debug_loc      0x00000000     0x5dc5
 *(.debug_loc)
 .debug_loc     0x00000000       0x14 build/milestone1/production/_ext/1360937237/app.o
 .debug_loc     0x00000014       0x21 build/milestone1/production/_ext/1360937237/debug.o
 .debug_loc     0x00000035      0x40c build/milestone1/production/_ext/1423261102/osal_freertos.o
 .debug_loc     0x00000441       0xf0 build/milestone1/production/_ext/2019779704/sys_devcon.o
 .debug_loc     0x00000531       0xec build/milestone1/production/_ext/2019779704/sys_devcon_pic32mx.o
 .debug_loc     0x0000061d       0x8d build/milestone1/production/_ext/1620769490/sys_int_pic32.o
 .debug_loc     0x000006aa     0x1446 build/milestone1/production/_ext/2060385216/sys_msg.o
 .debug_loc     0x00001af0       0x31 build/milestone1/production/_ext/1241959881/list.o
 .debug_loc     0x00001b21      0xeb0 build/milestone1/production/_ext/1241959881/queue.o
 .debug_loc     0x000029d1     0x1471 build/milestone1/production/_ext/1241959881/tasks.o
 .debug_loc     0x00003e42      0x8ea build/milestone1/production/_ext/1241959881/event_groups.o
 .debug_loc     0x0000472c       0x49 build/milestone1/production/_ext/1366647692/heap_1.o
 .debug_loc     0x00004775       0xea build/milestone1/production/_ext/1475386849/port.o
 .debug_loc     0x0000485f      0x305 build/milestone1/production/_ext/1864120335/drv_tmr_static.o
 .debug_loc     0x00004b64      0x2f4 build/milestone1/production/_ext/1864120335/drv_tmr_mapping.o
 .debug_loc     0x00004e58       0x49 build/milestone1/production/_ext/383799649/sys_clk_static.o
 .debug_loc     0x00004ea1      0xecf build/milestone1/production/_ext/956857457/sys_ports_static.o
 .debug_loc     0x00005d70       0x21 build/milestone1/production/_ext/1555642536/system_init.o
 .debug_loc     0x00005d91       0x34 build/milestone1/production/_ext/1555642536/rtos_hooks.o

.debug_macinfo
 *(.debug_macinfo)

.debug_weaknames
 *(.debug_weaknames)

.debug_funcnames
 *(.debug_funcnames)

.debug_typenames
 *(.debug_typenames)

.debug_varnames
 *(.debug_varnames)

.debug_pubtypes
 *(.debug_pubtypes)

.debug_ranges   0x00000000      0xa90
 *(.debug_ranges)
 .debug_ranges  0x00000000       0x18 build/milestone1/production/_ext/1360937237/app.o
 .debug_ranges  0x00000018       0x10 build/milestone1/production/_ext/1360937237/main.o
 .debug_ranges  0x00000028       0x30 build/milestone1/production/_ext/1360937237/debug.o
 .debug_ranges  0x00000058       0x78 build/milestone1/production/_ext/1423261102/osal_freertos.o
 .debug_ranges  0x000000d0       0x68 build/milestone1/production/_ext/2019779704/sys_devcon.o
 .debug_ranges  0x00000138       0x10 build/milestone1/production/_ext/2019779704/sys_devcon_pic32mx.o
 .debug_ranges  0x00000148       0x50 build/milestone1/production/_ext/1620769490/sys_int_pic32.o
 .debug_ranges  0x00000198      0x138 build/milestone1/production/_ext/2060385216/sys_msg.o
 .debug_ranges  0x000002d0       0x30 build/milestone1/production/_ext/1241959881/list.o
 .debug_ranges  0x00000300      0x130 build/milestone1/production/_ext/1241959881/queue.o
 .debug_ranges  0x00000430      0x1b0 build/milestone1/production/_ext/1241959881/tasks.o
 .debug_ranges  0x000005e0       0x98 build/milestone1/production/_ext/1241959881/event_groups.o
 .debug_ranges  0x00000678       0x28 build/milestone1/production/_ext/1366647692/heap_1.o
 .debug_ranges  0x000006a0       0x48 build/milestone1/production/_ext/1475386849/port.o
 .debug_ranges  0x000006e8       0x90 build/milestone1/production/_ext/1864120335/drv_tmr_static.o
 .debug_ranges  0x00000778       0xb8 build/milestone1/production/_ext/1864120335/drv_tmr_mapping.o
 .debug_ranges  0x00000830       0x40 build/milestone1/production/_ext/383799649/sys_clk_static.o
 .debug_ranges  0x00000870       0xf8 build/milestone1/production/_ext/956857457/sys_ports_static.o
 .debug_ranges  0x00000968       0x10 build/milestone1/production/_ext/1555642536/system_init.o
 .debug_ranges  0x00000978       0x10 build/milestone1/production/_ext/1555642536/system_interrupt.o
 .debug_ranges  0x00000988       0x10 build/milestone1/production/_ext/1555642536/system_exceptions.o
 .debug_ranges  0x00000998       0x20 build/milestone1/production/_ext/1555642536/system_tasks.o
 .debug_ranges  0x000009b8       0x20 build/milestone1/production/_ext/1555642536/system_interrupt_a.o
 .debug_ranges  0x000009d8       0x18 build/milestone1/production/_ext/1555642536/rtos_hooks.o
 .debug_ranges  0x000009f0       0x10 c:/program files (x86)/microchip/xc32/v1.42/bin/bin/../../lib/gcc/pic32mx/4.8.3/../../../../pic32mx/lib\libpic32.a(default-bootstrap-exception-handler.o)
 .debug_ranges  0x00000a00       0x10 c:/program files (x86)/microchip/xc32/v1.42/bin/bin/../../lib/gcc/pic32mx/4.8.3/../../../../pic32mx/lib\libpic32.a(default-on-reset.o)
 .debug_ranges  0x00000a10       0x10 c:/program files (x86)/microchip/xc32/v1.42/bin/bin/../../lib/gcc/pic32mx/4.8.3/../../../../pic32mx/lib\libpic32.a(default-on-bootstrap.o)
 .debug_ranges  0x00000a20       0x10 c:/program files (x86)/microchip/xc32/v1.42/bin/bin/../../lib/gcc/pic32mx/4.8.3/../../../../pic32mx/lib\libpic32.a(defaultinterrupt.o)
 .debug_ranges  0x00000a30       0x10 c:/program files (x86)/microchip/xc32/v1.42/bin/bin/../../lib/gcc/pic32mx/4.8.3/../../../../pic32mx/lib\libc.a(calloc.o)
 .debug_ranges  0x00000a40       0x20 c:/program files (x86)/microchip/xc32/v1.42/bin/bin/../../lib/gcc/pic32mx/4.8.3/../../../../pic32mx/lib\libc.a(malloc.o)
 .debug_ranges  0x00000a60       0x30 c:/program files (x86)/microchip/xc32/v1.42/bin/bin/../../lib/gcc/pic32mx/4.8.3/../../../../pic32mx/lib\libpic32.a(sbrk.o)

.gnu.attributes
                0x00000000       0x10
 *(.gnu.attributes)
 .gnu.attributes
                0x00000000       0x10 build/milestone1/production/_ext/1360937237/app.o
 .gnu.attributes
                0x00000010       0x10 build/milestone1/production/_ext/1360937237/main.o
 .gnu.attributes
                0x00000020       0x10 build/milestone1/production/_ext/1360937237/debug.o
 .gnu.attributes
                0x00000030       0x10 build/milestone1/production/_ext/1423261102/osal_freertos.o
 .gnu.attributes
                0x00000040       0x10 build/milestone1/production/_ext/2019779704/sys_devcon.o
 .gnu.attributes
                0x00000050       0x10 build/milestone1/production/_ext/2019779704/sys_devcon_pic32mx.o
 .gnu.attributes
                0x00000060       0x10 build/milestone1/production/_ext/1620769490/sys_int_pic32.o
 .gnu.attributes
                0x00000070       0x10 build/milestone1/production/_ext/2060385216/sys_msg.o
 .gnu.attributes
                0x00000080       0x10 build/milestone1/production/_ext/1241959881/croutine.o
 .gnu.attributes
                0x00000090       0x10 build/milestone1/production/_ext/1241959881/list.o
 .gnu.attributes
                0x000000a0       0x10 build/milestone1/production/_ext/1241959881/queue.o
 .gnu.attributes
                0x000000b0       0x10 build/milestone1/production/_ext/1241959881/tasks.o
 .gnu.attributes
                0x000000c0       0x10 build/milestone1/production/_ext/1241959881/timers.o
 .gnu.attributes
                0x000000d0       0x10 build/milestone1/production/_ext/1241959881/event_groups.o
 .gnu.attributes
                0x000000e0       0x10 build/milestone1/production/_ext/1366647692/heap_1.o
 .gnu.attributes
                0x000000f0       0x10 build/milestone1/production/_ext/1475386849/port.o
 .gnu.attributes
                0x00000100       0x10 build/milestone1/production/_ext/1864120335/drv_tmr_static.o
 .gnu.attributes
                0x00000110       0x10 build/milestone1/production/_ext/1864120335/drv_tmr_mapping.o
 .gnu.attributes
                0x00000120       0x10 build/milestone1/production/_ext/383799649/sys_clk_static.o
 .gnu.attributes
                0x00000130       0x10 build/milestone1/production/_ext/956857457/sys_ports_static.o
 .gnu.attributes
                0x00000140       0x10 build/milestone1/production/_ext/1555642536/system_init.o
 .gnu.attributes
                0x00000150       0x10 build/milestone1/production/_ext/1555642536/system_interrupt.o
 .gnu.attributes
                0x00000160       0x10 build/milestone1/production/_ext/1555642536/system_exceptions.o
 .gnu.attributes
                0x00000170       0x10 build/milestone1/production/_ext/1555642536/system_tasks.o
 .gnu.attributes
                0x00000180       0x10 build/milestone1/production/_ext/1555642536/rtos_hooks.o
 .gnu.attributes
                0x00000190       0x10 c:/program files (x86)/microchip/xc32/v1.42/bin/bin/../../lib/gcc/pic32mx/4.8.3/../../../../pic32mx/lib\libpic32.a(default-bootstrap-exception-handler.o)
 .gnu.attributes
                0x000001a0       0x10 c:/program files (x86)/microchip/xc32/v1.42/bin/bin/../../lib/gcc/pic32mx/4.8.3/../../../../pic32mx/lib\libpic32.a(default-on-reset.o)
 .gnu.attributes
                0x000001b0       0x10 c:/program files (x86)/microchip/xc32/v1.42/bin/bin/../../lib/gcc/pic32mx/4.8.3/../../../../pic32mx/lib\libpic32.a(default-on-bootstrap.o)
 .gnu.attributes
                0x000001c0       0x10 c:/program files (x86)/microchip/xc32/v1.42/bin/bin/../../lib/gcc/pic32mx/4.8.3/../../../../pic32mx/lib\libpic32.a(defaultinterrupt.o)
 .gnu.attributes
                0x000001d0       0x10 c:/program files (x86)/microchip/xc32/v1.42/bin/bin/../../lib/gcc/pic32mx/4.8.3/../../../../pic32mx/lib\libc.a(calloc.o)
 .gnu.attributes
                0x000001e0       0x10 c:/program files (x86)/microchip/xc32/v1.42/bin/bin/../../lib/gcc/pic32mx/4.8.3/../../../../pic32mx/lib\libc.a(malloc.o)
 .gnu.attributes
                0x000001f0       0x10 c:/program files (x86)/microchip/xc32/v1.42/bin/bin/../../lib/gcc/pic32mx/4.8.3/../../../../pic32mx/lib\libpic32.a(sbrk.o)
 .gnu.attributes
                0x00000200       0x10 c:/program files (x86)/microchip/xc32/v1.42/bin/bin/../../lib/gcc/pic32mx/4.8.3/../../../../pic32mx/lib\libpic32.a(errno.o)
LOAD c:/program files (x86)/microchip/xc32/v1.42/bin/bin/../../lib/gcc/pic32mx/4.8.3\libgcc.a
START GROUP
LOAD c:/program files (x86)/microchip/xc32/v1.42/bin/bin/../../lib/gcc/pic32mx/4.8.3/../../../../pic32mx/lib\libpic32.a
LOAD c:/program files (x86)/microchip/xc32/v1.42/bin/bin/../../lib/gcc/pic32mx/4.8.3/../../../../pic32mx/lib\libdebug.a
LOAD c:/program files (x86)/microchip/xc32/v1.42/bin/bin/../../lib/gcc/pic32mx/4.8.3/../../../../pic32mx/lib\libpic32.a
LOAD c:/program files (x86)/microchip/xc32/v1.42/bin/bin/../../lib/gcc/pic32mx/4.8.3/../../../../pic32mx/lib\libm.a
LOAD c:/program files (x86)/microchip/xc32/v1.42/bin/bin/../../lib/gcc/pic32mx/4.8.3/../../../../pic32mx/lib\libe.a
LOAD c:/program files (x86)/microchip/xc32/v1.42/bin/bin/../../lib/gcc/pic32mx/4.8.3/../../../../pic32mx/lib\libdsp.a
LOAD c:/program files (x86)/microchip/xc32/v1.42/bin/bin/../../lib/gcc/pic32mx/4.8.3\libgcc.a
LOAD c:/program files (x86)/microchip/xc32/v1.42/bin/bin/../../lib/gcc/pic32mx/4.8.3/../../../../pic32mx/lib\libc.a
LOAD c:/program files (x86)/microchip/xc32/v1.42/bin/bin/../../lib/gcc/pic32mx/4.8.3/../../../../pic32mx/lib\libc.a
LOAD c:/program files (x86)/microchip/xc32/v1.42/bin/bin/../../lib/gcc/pic32mx/4.8.3/../../../../pic32mx/lib\libpic32.a
END GROUP
LOAD c:/program files (x86)/microchip/xc32/v1.42/bin/bin/../../lib/gcc/pic32mx/4.8.3\libgcc.a
OUTPUT(dist/milestone1/production/TestProject.X.production.elf elf32-tradlittlemips)
LOAD stack
LOAD data_init

.reginfo        0x00000000       0x18
 .reginfo       0x00000000       0x18 c:/program files (x86)/microchip/xc32/v1.42/bin/bin/../../lib/gcc/pic32mx/4.8.3/../../../../pic32mx/lib/./proc/32MX795F512L/crt0_mips32r2.o

.stack          0xa000a808      0x400
 .stack         0xa000a808      0x400 stack

.bss            0xa0000088     0xa760
 .bss           0xa0000088     0xa000 build/milestone1/production/_ext/1366647692/heap_1.o
 .bss           0xa000a088      0x640 build/milestone1/production/_ext/1475386849/port.o
                0xa000a088                xISRStack
 .bss           0xa000a6c8       0xc8 build/milestone1/production/_ext/1241959881/tasks.o
 .bss           0xa000a790       0x24 c:/program files (x86)/microchip/xc32/v1.42/bin/bin/../../lib/gcc/pic32mx/4.8.3/../../../../pic32mx/lib\libpic32.a(sbrk.o)
                0xa000a7ac                _maxbrk
                0xa000a7b0                _minbrk
 .bss           0xa000a7b4       0x20 c:/program files (x86)/microchip/xc32/v1.42/bin/bin/../../lib/gcc/pic32mx/4.8.3/../../../../pic32mx/lib\libc.a(malloc.o)
                0xa000a7b4                __allocx
                0xa000a7bc                __alloct
                0xa000a7c0                __allocp
                0xa000a7c4                __allocs
 .bss           0xa000a7d4       0x14 build/milestone1/production/_ext/2060385216/sys_msg.o

.bss.errno      0xa000a7e8        0x4
 .bss.errno     0xa000a7e8        0x4 c:/program files (x86)/microchip/xc32/v1.42/bin/bin/../../lib/gcc/pic32mx/4.8.3/../../../../pic32mx/lib\libpic32.a(errno.o)
                0xa000a7e8                errno

._debug_exception
                0xbfc00480       0x2c
 ._debug_exception
                0xbfc00480       0x2c c:/program files (x86)/microchip/xc32/v1.42/bin/bin/../../lib/gcc/pic32mx/4.8.3/../../../../pic32mx/lib\debug-exception-return.o
                0xbfc00480                __DbgExecReturn

.text           0x9d000000      0x454
 .text          0x9d000000      0x454 build/milestone1/production/_ext/1475386849/port_asm.o
                0x9d000000                vPortTickInterruptHandler
                0x9d0001ac                vPortStartFirstTask
                0x9d000274                vPortYieldISR

.text.xTaskCreate
                0x9d000454      0x2d0
 .text.xTaskCreate
                0x9d000454      0x2d0 build/milestone1/production/_ext/1241959881/tasks.o
                0x9d000454                xTaskCreate

.text.malloc    0x9d000724      0x288
 .text.malloc   0x9d000724      0x288 c:/program files (x86)/microchip/xc32/v1.42/bin/bin/../../lib/gcc/pic32mx/4.8.3/../../../../pic32mx/lib\libc.a(malloc.o)
                0x9d000724                malloc

.text.SYS_MSG_Tasks
                0x9d0009ac      0x238
 .text.SYS_MSG_Tasks
                0x9d0009ac      0x238 build/milestone1/production/_ext/2060385216/sys_msg.o
                0x9d0009ac                SYS_MSG_Tasks

.DrvTmrInstance0_vector_text
                0x9d000be4      0x1b4
 .DrvTmrInstance0_vector_text
                0x9d000be4      0x1b4 build/milestone1/production/_ext/1555642536/system_interrupt_a.o

.text.xTaskIncrementTick
                0x9d000d98      0x198
 .text.xTaskIncrementTick
                0x9d000d98      0x198 build/milestone1/production/_ext/1241959881/tasks.o
                0x9d000d98                xTaskIncrementTick

.text._sbrk_init
                0x9d000f30      0x194
 .text._sbrk_init
                0x9d000f30      0x194 c:/program files (x86)/microchip/xc32/v1.42/bin/bin/../../lib/gcc/pic32mx/4.8.3/../../../../pic32mx/lib\libpic32.a(sbrk.o)
                0x9d000f30                _sbrk_init

.text.SYS_MSG_Initialize
                0x9d0010c4      0x160
 .text.SYS_MSG_Initialize
                0x9d0010c4      0x160 build/milestone1/production/_ext/2060385216/sys_msg.o
                0x9d0010c4                SYS_MSG_Initialize

.text.xTaskResumeAll
                0x9d001224      0x148
 .text.xTaskResumeAll
                0x9d001224      0x148 build/milestone1/production/_ext/1241959881/tasks.o
                0x9d001224                xTaskResumeAll

.text.IntHandlerDrvTmrInstance0
                0x9d00136c      0x134
 .text.IntHandlerDrvTmrInstance0
                0x9d00136c      0x134 build/milestone1/production/_ext/1555642536/system_interrupt.o
                0x9d00136c                IntHandlerDrvTmrInstance0

.rodata         0x9d0014a0      0x128
 .rodata        0x9d0014a0      0x128 build/milestone1/production/_ext/1555642536/system_exceptions.o

.text.vTaskSwitchContext
                0x9d0015c8       0xe0
 .text.vTaskSwitchContext
                0x9d0015c8       0xe0 build/milestone1/production/_ext/1241959881/tasks.o
                0x9d0015c8                vTaskSwitchContext

.text.SYS_DEVCON_PerformanceConfig
                0x9d0016a8       0xdc
 .text.SYS_DEVCON_PerformanceConfig
                0x9d0016a8       0xdc build/milestone1/production/_ext/2019779704/sys_devcon_pic32mx.o
                0x9d0016a8                SYS_DEVCON_PerformanceConfig

.text.general_exception
                0x9d001784       0xdc
 .text.general_exception
                0x9d001784       0xdc c:/program files (x86)/microchip/xc32/v1.42/bin/bin/../../lib/gcc/pic32mx/4.8.3/../../../../pic32mx/lib\libpic32.a(general-exception.o)
                0x9d001784                _general_exception_context

.dinit          0x9d001860       0xd0
 .dinit         0x9d001860       0xd0 data_init

.text._sbrk     0x9d001930       0xc8
 .text._sbrk    0x9d001930       0xc8 c:/program files (x86)/microchip/xc32/v1.42/bin/bin/../../lib/gcc/pic32mx/4.8.3/../../../../pic32mx/lib\libpic32.a(sbrk.o)
                0x9d001930                _sbrk

.text.pvPortMalloc
                0x9d0019f8       0xbc
 .text.pvPortMalloc
                0x9d0019f8       0xbc build/milestone1/production/_ext/1366647692/heap_1.o
                0x9d0019f8                pvPortMalloc

.text.prvIdleTask
                0x9d001ab4       0xb4
 .text.prvIdleTask
                0x9d001ab4       0xb4 build/milestone1/production/_ext/1241959881/tasks.o

.text           0x9d001b68       0xa8
 .text          0x9d001b68       0xa8 c:/program files (x86)/microchip/xc32/v1.42/bin/bin/../../lib/gcc/pic32mx/4.8.3/../../../../pic32mx/lib\libpic32.a(memset.o)
                0x9d001b68                memset

.text.SYS_Initialize
                0x9d001c10       0x84
 .text.SYS_Initialize
                0x9d001c10       0x84 build/milestone1/production/_ext/1555642536/system_init.o
                0x9d001c10                SYS_Initialize

.text.vTaskStartScheduler
                0x9d001c94       0x80
 .text.vTaskStartScheduler
                0x9d001c94       0x80 build/milestone1/production/_ext/1241959881/tasks.o
                0x9d001c94                vTaskStartScheduler

.text.DRV_TMR0_Initialize
                0x9d001d14       0x74
 .text.DRV_TMR0_Initialize
                0x9d001d14       0x74 build/milestone1/production/_ext/1864120335/drv_tmr_static.o
                0x9d001d14                DRV_TMR0_Initialize

.text.SYS_MSGQ_Init
                0x9d001d88       0x70
 .text.SYS_MSGQ_Init
                0x9d001d88       0x70 build/milestone1/production/_ext/2060385216/sys_msg.o
                0x9d001d88                SYS_MSGQ_Init

.text.vApplicationSetupTickTimerInterrupt
                0x9d001df8       0x6c
 .text.vApplicationSetupTickTimerInterrupt
                0x9d001df8       0x6c build/milestone1/production/_ext/1475386849/port.o
                0x9d001df8                vApplicationSetupTickTimerInterrupt

.text.vTaskExitCritical
                0x9d001e64       0x68
 .text.vTaskExitCritical
                0x9d001e64       0x68 build/milestone1/production/_ext/1241959881/tasks.o
                0x9d001e64                vTaskExitCritical

.text.SYS_Tasks
                0x9d001ecc       0x68
 .text.SYS_Tasks
                0x9d001ecc       0x68 build/milestone1/production/_ext/1555642536/system_tasks.o
                0x9d001ecc                SYS_Tasks

.text.xPortStartScheduler
                0x9d001f34       0x5c
 .text.xPortStartScheduler
                0x9d001f34       0x5c build/milestone1/production/_ext/1475386849/port.o
                0x9d001f34                xPortStartScheduler

.text.SYS_DEVCON_SystemUnlock
                0x9d001f90       0x58
 .text.SYS_DEVCON_SystemUnlock
                0x9d001f90       0x58 build/milestone1/production/_ext/2019779704/sys_devcon.o
                0x9d001f90                SYS_DEVCON_SystemUnlock

.text.SYS_CLK_Initialize
                0x9d001fe8       0x58
 .text.SYS_CLK_Initialize
                0x9d001fe8       0x58 build/milestone1/production/_ext/383799649/sys_clk_static.o
                0x9d001fe8                SYS_CLK_Initialize

.text.main_entry
                0x9d002040       0x54
 .text.main_entry
                0x9d002040       0x54 c:/program files (x86)/microchip/xc32/v1.42/bin/bin/../../lib/gcc/pic32mx/4.8.3/../../../../pic32mx/lib/./proc/32MX795F512L/crt0_mips32r2.o
                0x9d002074                __crt0_exit

.text.pxPortInitialiseStack
                0x9d002094       0x54
 .text.pxPortInitialiseStack
                0x9d002094       0x54 build/milestone1/production/_ext/1475386849/port.o
                0x9d002094                pxPortInitialiseStack

.text.vPortIncrementTick
                0x9d0020e8       0x54
 .text.vPortIncrementTick
                0x9d0020e8       0x54 build/milestone1/production/_ext/1475386849/port.o
                0x9d0020e8                vPortIncrementTick

.text.vTaskEnterCritical
                0x9d00213c       0x50
 .text.vTaskEnterCritical
                0x9d00213c       0x50 build/milestone1/production/_ext/1241959881/tasks.o
                0x9d00213c                vTaskEnterCritical

.text.sbrk      0x9d00218c       0x50
 .text.sbrk     0x9d00218c       0x50 c:/program files (x86)/microchip/xc32/v1.42/bin/bin/../../lib/gcc/pic32mx/4.8.3/../../../../pic32mx/lib\libpic32.a(sbrk.o)
                0x9d00218c                sbrk

.text.SYS_DEVCON_SystemLock
                0x9d0021dc       0x48
 .text.SYS_DEVCON_SystemLock
                0x9d0021dc       0x48 build/milestone1/production/_ext/2019779704/sys_devcon.o
                0x9d0021dc                SYS_DEVCON_SystemLock

.text._bootstrap_exception_handler
                0x9d002224       0x48
 .text._bootstrap_exception_handler
                0x9d002224       0x48 c:/program files (x86)/microchip/xc32/v1.42/bin/bin/../../lib/gcc/pic32mx/4.8.3/../../../../pic32mx/lib\libpic32.a(default-bootstrap-exception-handler.o)
                0x9d002224                _bootstrap_exception_handler

.vector_default
                0x9d00226c       0x48
 .vector_default
                0x9d00226c       0x48 c:/program files (x86)/microchip/xc32/v1.42/bin/bin/../../lib/gcc/pic32mx/4.8.3/../../../../pic32mx/lib\libpic32.a(defaultinterrupt.o)
                0x9d00226c                _DefaultInterrupt

.text.uxListRemove
                0x9d0022b4       0x44
 .text.uxListRemove
                0x9d0022b4       0x44 build/milestone1/production/_ext/1241959881/list.o
                0x9d0022b4                uxListRemove

.text           0x9d0022f8       0x44
 .text          0x9d0022f8       0x44 c:/program files (x86)/microchip/xc32/v1.42/bin/bin/../../lib/gcc/pic32mx/4.8.3/../../../../pic32mx/lib\pic32_software_reset.o
                0x9d0022f8                __pic32_software_reset

.text.SYS_PORTS_Initialize
                0x9d00233c       0x40
 .text.SYS_PORTS_Initialize
                0x9d00233c       0x40 build/milestone1/production/_ext/956857457/sys_ports_static.o
                0x9d00233c                SYS_PORTS_Initialize

.text._general_exception_handler
                0x9d00237c       0x40
 .text._general_exception_handler
                0x9d00237c       0x40 build/milestone1/production/_ext/1555642536/system_exceptions.o
                0x9d00237c                _general_exception_handler

.text.uxPortSetInterruptMaskFromISR
                0x9d0023bc       0x3c
 .text.uxPortSetInterruptMaskFromISR
                0x9d0023bc       0x3c build/milestone1/production/_ext/1475386849/port.o
                0x9d0023bc                uxPortSetInterruptMaskFromISR

.text.DRV_TMR0_Start